Archive member included to satisfy reference by file (symbol)

d:/pico/gcc-arm-none-eabi/bin/../lib/gcc/arm-none-eabi/10.3.1/../../../../arm-none-eabi/lib/thumb/v6-m/nofp\libstdc++.a(pure.o)
                              CMakeFiles/Robo_omni_controle.dir/modules/pico-mcp23017/source/mcp23017_input.cpp.obj (__cxa_pure_virtual)
d:/pico/gcc-arm-none-eabi/bin/../lib/gcc/arm-none-eabi/10.3.1/../../../../arm-none-eabi/lib/thumb/v6-m/nofp\libstdc++.a(eh_terminate.o)
                              d:/pico/gcc-arm-none-eabi/bin/../lib/gcc/arm-none-eabi/10.3.1/../../../../arm-none-eabi/lib/thumb/v6-m/nofp\libstdc++.a(pure.o) (std::terminate())
d:/pico/gcc-arm-none-eabi/bin/../lib/gcc/arm-none-eabi/10.3.1/../../../../arm-none-eabi/lib/thumb/v6-m/nofp\libstdc++.a(eh_unex_handler.o)
                              d:/pico/gcc-arm-none-eabi/bin/../lib/gcc/arm-none-eabi/10.3.1/../../../../arm-none-eabi/lib/thumb/v6-m/nofp\libstdc++.a(eh_terminate.o) (__cxxabiv1::__unexpected_handler)
d:/pico/gcc-arm-none-eabi/bin/../lib/gcc/arm-none-eabi/10.3.1/../../../../arm-none-eabi/lib/thumb/v6-m/nofp\libstdc++.a(vterminate.o)
                              d:/pico/gcc-arm-none-eabi/bin/../lib/gcc/arm-none-eabi/10.3.1/../../../../arm-none-eabi/lib/thumb/v6-m/nofp\libstdc++.a(eh_terminate.o) (__gnu_cxx::__verbose_terminate_handler())
d:/pico/gcc-arm-none-eabi/bin/../lib/gcc/arm-none-eabi/10.3.1/../../../../arm-none-eabi/lib/thumb/v6-m/nofp\libstdc++.a(cp-demangle.o)
                              d:/pico/gcc-arm-none-eabi/bin/../lib/gcc/arm-none-eabi/10.3.1/../../../../arm-none-eabi/lib/thumb/v6-m/nofp\libstdc++.a(vterminate.o) (__cxa_demangle)
d:/pico/gcc-arm-none-eabi/bin/../lib/gcc/arm-none-eabi/10.3.1/../../../../arm-none-eabi/lib/thumb/v6-m/nofp\libstdc++.a(eh_arm.o)
                              d:/pico/gcc-arm-none-eabi/bin/../lib/gcc/arm-none-eabi/10.3.1/../../../../arm-none-eabi/lib/thumb/v6-m/nofp\libstdc++.a(eh_terminate.o) (__cxa_end_cleanup)
d:/pico/gcc-arm-none-eabi/bin/../lib/gcc/arm-none-eabi/10.3.1/../../../../arm-none-eabi/lib/thumb/v6-m/nofp\libstdc++.a(eh_call.o)
                              d:/pico/gcc-arm-none-eabi/bin/../lib/gcc/arm-none-eabi/10.3.1/../../../../arm-none-eabi/lib/thumb/v6-m/nofp\libstdc++.a(eh_terminate.o) (__cxa_call_unexpected)
d:/pico/gcc-arm-none-eabi/bin/../lib/gcc/arm-none-eabi/10.3.1/../../../../arm-none-eabi/lib/thumb/v6-m/nofp\libstdc++.a(eh_catch.o)
                              d:/pico/gcc-arm-none-eabi/bin/../lib/gcc/arm-none-eabi/10.3.1/../../../../arm-none-eabi/lib/thumb/v6-m/nofp\libstdc++.a(eh_terminate.o) (__cxa_begin_catch)
d:/pico/gcc-arm-none-eabi/bin/../lib/gcc/arm-none-eabi/10.3.1/../../../../arm-none-eabi/lib/thumb/v6-m/nofp\libstdc++.a(eh_exception.o)
                              d:/pico/gcc-arm-none-eabi/bin/../lib/gcc/arm-none-eabi/10.3.1/../../../../arm-none-eabi/lib/thumb/v6-m/nofp\libstdc++.a(eh_call.o) (std::bad_exception::~bad_exception())
d:/pico/gcc-arm-none-eabi/bin/../lib/gcc/arm-none-eabi/10.3.1/../../../../arm-none-eabi/lib/thumb/v6-m/nofp\libstdc++.a(eh_globals.o)
                              d:/pico/gcc-arm-none-eabi/bin/../lib/gcc/arm-none-eabi/10.3.1/../../../../arm-none-eabi/lib/thumb/v6-m/nofp\libstdc++.a(eh_call.o) (__cxa_get_globals_fast)
d:/pico/gcc-arm-none-eabi/bin/../lib/gcc/arm-none-eabi/10.3.1/../../../../arm-none-eabi/lib/thumb/v6-m/nofp\libstdc++.a(eh_personality.o)
                              d:/pico/gcc-arm-none-eabi/bin/../lib/gcc/arm-none-eabi/10.3.1/../../../../arm-none-eabi/lib/thumb/v6-m/nofp\libstdc++.a(eh_terminate.o) (__gxx_personality_v0)
d:/pico/gcc-arm-none-eabi/bin/../lib/gcc/arm-none-eabi/10.3.1/../../../../arm-none-eabi/lib/thumb/v6-m/nofp\libstdc++.a(eh_term_handler.o)
                              d:/pico/gcc-arm-none-eabi/bin/../lib/gcc/arm-none-eabi/10.3.1/../../../../arm-none-eabi/lib/thumb/v6-m/nofp\libstdc++.a(eh_terminate.o) (__cxxabiv1::__terminate_handler)
d:/pico/gcc-arm-none-eabi/bin/../lib/gcc/arm-none-eabi/10.3.1/../../../../arm-none-eabi/lib/thumb/v6-m/nofp\libstdc++.a(eh_throw.o)
                              d:/pico/gcc-arm-none-eabi/bin/../lib/gcc/arm-none-eabi/10.3.1/../../../../arm-none-eabi/lib/thumb/v6-m/nofp\libstdc++.a(eh_call.o) (__cxa_throw)
d:/pico/gcc-arm-none-eabi/bin/../lib/gcc/arm-none-eabi/10.3.1/../../../../arm-none-eabi/lib/thumb/v6-m/nofp\libstdc++.a(eh_type.o)
                              d:/pico/gcc-arm-none-eabi/bin/../lib/gcc/arm-none-eabi/10.3.1/../../../../arm-none-eabi/lib/thumb/v6-m/nofp\libstdc++.a(vterminate.o) (__cxa_current_exception_type)
d:/pico/gcc-arm-none-eabi/bin/../lib/gcc/arm-none-eabi/10.3.1/../../../../arm-none-eabi/lib/thumb/v6-m/nofp\libstdc++.a(si_class_type_info.o)
                              d:/pico/gcc-arm-none-eabi/bin/../lib/gcc/arm-none-eabi/10.3.1/../../../../arm-none-eabi/lib/thumb/v6-m/nofp\libstdc++.a(eh_exception.o) (vtable for __cxxabiv1::__si_class_type_info)
[...]
Memory Configuration

Name             Origin             Length             Attributes
FLASH            0x10000000         0x00200000         xr
RAM              0x20000000         0x00040000         xrw
SCRATCH_X        0x20040000         0x00001000         xrw
SCRATCH_Y        0x20041000         0x00001000         xrw
*default*        0x00000000         0xffffffff

Linker script and memory map

LOAD d:/pico/gcc-arm-none-eabi/bin/../lib/gcc/arm-none-eabi/10.3.1/thumb/v6-m/nofp/crti.o
LOAD d:/pico/gcc-arm-none-eabi/bin/../lib/gcc/arm-none-eabi/10.3.1/thumb/v6-m/nofp/crtbegin.o
LOAD d:/pico/gcc-arm-none-eabi/bin/../lib/gcc/arm-none-eabi/10.3.1/../../../../arm-none-eabi/lib/thumb/v6-m/nofp/crt0.o

.flash_begin    0x10000000        0x0
                0x10000000                __flash_binary_start = .

.boot2          0x10000000      0x100
                0x10000000                __boot2_start__ = .
 *(.boot2)
 .boot2         0x10000000      0x100 C:\Users\johan\AppData\Local\Temp\ccyF23Vl.o
                0x10000100                __boot2_end__ = .
                0x00000001                ASSERT (((__boot2_end__ - __boot2_start__) == 0x100), ERROR: Pico second stage bootloader must be 256 bytes in size)

.text           0x10000100     0xab98
                0x10000100                __logical_binary_start = .
 *(.vectors)
 .vectors       0x10000100       0xd4 CMakeFiles/Robo_omni_controle.dir/D_/Pico/pico-sdk/src/rp2_common/pico_standard_link/crt0.S.obj
                0x10000100                __VECTOR_TABLE
                0x10000100                __vectors
                0x100001c0                isr_invalid
                0x100001c0                __default_isrs_start
                0x100001c2                isr_nmi
                0x100001c4                isr_hardfault
                0x100001c6                isr_svcall
                0x100001c8                isr_pendsv
                0x100001ca                isr_systick
                0x100001cc                isr_irq23
                0x100001cc                isr_irq18
                0x100001cc                isr_irq11
                0x100001cc                isr_irq28
                0x100001cc                isr_irq19
                0x100001cc                isr_irq0
                0x100001cc                isr_irq6
                0x100001cc                isr_irq5
                0x100001cc                isr_irq12
                0x100001cc                isr_irq22
                0x100001cc                isr_irq31
                0x100001cc                isr_irq17
                0x100001cc                isr_irq27
                0x100001cc                isr_irq30
                0x100001cc                isr_irq2
                0x100001cc                isr_irq10
                0x100001cc                isr_irq8
                0x100001cc                isr_irq24
                0x100001cc                isr_irq1
                0x100001cc                isr_irq7
                0x100001cc                isr_irq21
                0x100001cc                isr_irq20
                0x100001cc                isr_irq15
                0x100001cc                isr_irq25
                0x100001cc                isr_irq13
                0x100001cc                __unhandled_user_irq
                0x100001cc                isr_irq4
                0x100001cc                isr_irq16
                0x100001cc                isr_irq29
                0x100001cc                isr_irq26
                0x100001cc                __default_isrs_end
                0x100001cc                isr_irq3
                0x100001cc                isr_irq14
                0x100001cc                isr_irq9
                0x100001d2                unhandled_user_irq_num_in_r0
 *(.binary_info_header)
 .binary_info_header
                0x100001d4       0x14 CMakeFiles/Robo_omni_controle.dir/D_/Pico/pico-sdk/src/rp2_common/pico_standard_link/crt0.S.obj
                0x100001e8                __binary_info_header_end = .
 *(.reset)
 .reset         0x100001e8       0xa0 CMakeFiles/Robo_omni_controle.dir/D_/Pico/pico-sdk/src/rp2_common/pico_standard_link/crt0.S.obj
                0x100001e8                _entry_point
 .reset         0x10000288       0x30 CMakeFiles/Robo_omni_controle.dir/D_/Pico/pico-sdk/src/rp2_common/pico_standard_link/binary_info.c.obj
 *(.init)
 .init          0x100002b8        0x4 d:/pico/gcc-arm-none-eabi/bin/../lib/gcc/arm-none-eabi/10.3.1/thumb/v6-m/nofp/crti.o
                0x100002b8                _init
 *(EXCLUDE_FILE(*libm.a: *libc.a:*lib_a-mem*.o *libgcc.a:) .text*)
 .text          0x100002bc       0x48 d:/pico/gcc-arm-none-eabi/bin/../lib/gcc/arm-none-eabi/10.3.1/thumb/v6-m/nofp/crtbegin.o
 .text._Z10enc_motorsjm
                0x10000304        0x8 CMakeFiles/Robo_omni_controle.dir/src/main.cpp.obj
                0x10000304                enc_motors(unsigned int, unsigned long)
 .text._Z41__static_initialization_and_destruction_0ii
                0x1000030c       0x50 CMakeFiles/Robo_omni_controle.dir/src/main.cpp.obj
 .text._Z11enableTimerv
                0x1000035c       0x34 CMakeFiles/Robo_omni_controle.dir/src/main.cpp.obj
                0x1000035c                enableTimer()
 .text._Z9blynk_ledv
                0x10000390       0x22 CMakeFiles/Robo_omni_controle.dir/src/main.cpp.obj
                0x10000390                blynk_led()
 *fill*         0x100003b2        0x2 
 .text._Z26enable_external_interruptsv
                0x100003b4       0x3c CMakeFiles/Robo_omni_controle.dir/src/main.cpp.obj
                0x100003b4                enable_external_interrupts()
 .text.main     0x100003f0       0x8c CMakeFiles/Robo_omni_controle.dir/src/main.cpp.obj
                0x100003f0                main
 .text._Z12mpu6050_readv
                0x1000047c       0x48 CMakeFiles/Robo_omni_controle.dir/src/main.cpp.obj
                0x1000047c                mpu6050_read()
 .text._Z14sharp_distanceth
                0x100004c4       0xdc CMakeFiles/Robo_omni_controle.dir/src/main.cpp.obj
                0x100004c4                sharp_distance(unsigned short, unsigned char)
 .text._Z21calculate_coordinatesP10coordinateff
                0x100005a0       0x78 CMakeFiles/Robo_omni_controle.dir/src/main.cpp.obj
                0x100005a0                calculate_coordinates(coordinate*, float, float)
 .text._Z12goal_to_goalv
                0x10000618      0x34c CMakeFiles/Robo_omni_controle.dir/src/main.cpp.obj
                0x10000618                goal_to_goal()
 .text._Z8f_timersP15repeating_timer
                0x10000964      0x2ac CMakeFiles/Robo_omni_controle.dir/src/main.cpp.obj
                0x10000964                f_timers(repeating_timer*)
 .text._GLOBAL__sub_I_slice_pwma
                0x10000c10       0x10 CMakeFiles/Robo_omni_controle.dir/src/main.cpp.obj
 .text._Z11move_fowardv
                0x10000c20       0x8c CMakeFiles/Robo_omni_controle.dir/src/motores.cpp.obj
                0x10000c20                move_foward()
 .text._Z8move_offv
                0x10000cac       0x8c CMakeFiles/Robo_omni_controle.dir/src/motores.cpp.obj
                0x10000cac                move_off()
 .text._Z10update_pwmtttt
                0x10000d38       0x48 CMakeFiles/Robo_omni_controle.dir/src/motores.cpp.obj
                0x10000d38                update_pwm(unsigned short, unsigned short, unsigned short, unsigned short)
 .text.i2c_read_reg
                0x10000d80       0x30 CMakeFiles/Robo_omni_controle.dir/src/MPU6050.c.obj
                0x10000d80                i2c_read_reg
 .text.read_raw_gyro
                0x10000db0       0x3e CMakeFiles/Robo_omni_controle.dir/src/MPU6050.c.obj
                0x10000db0                read_raw_gyro
 .text.read_raw_accel
                0x10000dee       0x3e CMakeFiles/Robo_omni_controle.dir/src/MPU6050.c.obj
                0x10000dee                read_raw_accel
 .text.mpu6050_init
                0x10000e2c       0x20 CMakeFiles/Robo_omni_controle.dir/src/MPU6050.c.obj
                0x10000e2c                mpu6050_init
 .text.mpu6050_event
                0x10000e4c       0xf2 CMakeFiles/Robo_omni_controle.dir/src/MPU6050.c.obj
                0x10000e4c                mpu6050_event
 *fill*         0x10000f3e        0x2 
 .text.mpu6050_get_accelerometer
                0x10000f40       0x90 CMakeFiles/Robo_omni_controle.dir/src/MPU6050.c.obj
                0x10000f40                mpu6050_get_accelerometer
 .text.mpu6050_get_gyroscope
                0x10000fd0      0x130 CMakeFiles/Robo_omni_controle.dir/src/MPU6050.c.obj
                0x10000fd0                mpu6050_get_gyroscope
 .text.mpu6050_get_temperature_c
                0x10001100       0x44 CMakeFiles/Robo_omni_controle.dir/src/MPU6050.c.obj
                0x10001100                mpu6050_get_temperature_c
 .text.mpu6050_read_activities
                0x10001144        0x4 CMakeFiles/Robo_omni_controle.dir/src/MPU6050.c.obj
                0x10001144                mpu6050_read_activities
 .text._Z11gpio_configv
                0x10001148       0x24 CMakeFiles/Robo_omni_controle.dir/src/hardware.cpp.obj
                0x10001148                gpio_config()
 .text._Z10adc_configv
                0x1000116c       0x58 CMakeFiles/Robo_omni_controle.dir/src/hardware.cpp.obj
                0x1000116c                adc_config()
 .text._Z8pwm_initv
                0x100011c4      0x144 CMakeFiles/Robo_omni_controle.dir/src/hardware.cpp.obj
                0x100011c4                pwm_init()
 .text._Z12uart0_configv
                0x10001308       0x24 CMakeFiles/Robo_omni_controle.dir/src/hardware.cpp.obj
                0x10001308                uart0_config()
 .text._Z10i2c_configv
                0x1000132c       0x3c CMakeFiles/Robo_omni_controle.dir/src/hardware.cpp.obj
                0x1000132c                i2c_config()
 .text._Z13read_encodersv
                0x10001368      0x108 CMakeFiles/Robo_omni_controle.dir/src/encoders.cpp.obj
                0x10001368                read_encoders()
 .text._Z25get_angular_freq_motorMR1v
                0x10001470       0x50 CMakeFiles/Robo_omni_controle.dir/src/encoders.cpp.obj
                0x10001470                get_angular_freq_motorMR1()
 .text._Z25get_angular_freq_motorMR2v
                0x100014c0       0x50 CMakeFiles/Robo_omni_controle.dir/src/encoders.cpp.obj
                0x100014c0                get_angular_freq_motorMR2()
 .text._Z25get_angular_freq_motorMR3v
                0x10001510       0x50 CMakeFiles/Robo_omni_controle.dir/src/encoders.cpp.obj
                0x10001510                get_angular_freq_motorMR3()
 .text._Z25get_angular_freq_motorMR4v
                0x10001560       0x50 CMakeFiles/Robo_omni_controle.dir/src/encoders.cpp.obj
                0x10001560                get_angular_freq_motorMR4()
 .text._ZN8encoders12linear_speedEv
                0x100015b0       0x34 CMakeFiles/Robo_omni_controle.dir/src/encoders.cpp.obj
                0x100015b0                encoders::linear_speed()
 .text._ZN8encoders13angular_speedEv
                0x100015e4       0x38 CMakeFiles/Robo_omni_controle.dir/src/encoders.cpp.obj
                0x100015e4                encoders::angular_speed()
 .text._ZN8encoders32calc_right_angular_speed_averageEv
                0x1000161c       0x18 CMakeFiles/Robo_omni_controle.dir/src/encoders.cpp.obj
                0x1000161c                encoders::calc_right_angular_speed_average()
 .text._ZN8encoders31calc_left_angular_speed_averageEv
                0x10001634       0x18 CMakeFiles/Robo_omni_controle.dir/src/encoders.cpp.obj
                0x10001634                encoders::calc_left_angular_speed_average()
 .text._ZN8encoders11dist_linearEv
                0x1000164c       0xa8 CMakeFiles/Robo_omni_controle.dir/src/encoders.cpp.obj
                0x1000164c                encoders::dist_linear()
 .text._ZN8encoders12dist_angularEv
                0x100016f4       0xac CMakeFiles/Robo_omni_controle.dir/src/encoders.cpp.obj
                0x100016f4                encoders::dist_angular()
 .text._ZN8encoders11motors_dataEv
                0x100017a0       0x5e CMakeFiles/Robo_omni_controle.dir/src/encoders.cpp.obj
                0x100017a0                encoders::motors_data()
 *fill*         0x100017fe        0x2 
 .text._Z7adc_maqv
                0x10001800      0x434 CMakeFiles/Robo_omni_controle.dir/src/adc_mach.cpp.obj
                0x10001800                adc_maq()
 .text._Z11PID_controlffff
                0x10001c34       0xb4 CMakeFiles/Robo_omni_controle.dir/src/compensator.cpp.obj
                0x10001c34                PID_control(float, float, float, float)
 .text.gpio_set_function
                0x10001ce8       0x30 CMakeFiles/Robo_omni_controle.dir/D_/Pico/pico-sdk/src/rp2_common/hardware_gpio/gpio.c.obj
                0x10001ce8                gpio_set_function
 .text.gpio_set_pulls
                0x10001d18       0x34 CMakeFiles/Robo_omni_controle.dir/D_/Pico/pico-sdk/src/rp2_common/hardware_gpio/gpio.c.obj
                0x10001d18                gpio_set_pulls
 .text.gpio_set_irq_callback
                0x10001d4c       0x48 CMakeFiles/Robo_omni_controle.dir/D_/Pico/pico-sdk/src/rp2_common/hardware_gpio/gpio.c.obj
                0x10001d4c                gpio_set_irq_callback
 .text.gpio_acknowledge_irq
                0x10001d94       0x18 CMakeFiles/Robo_omni_controle.dir/D_/Pico/pico-sdk/src/rp2_common/hardware_gpio/gpio.c.obj
                0x10001d94                gpio_acknowledge_irq
 .text._gpio_set_irq_enabled
                0x10001dac       0x34 CMakeFiles/Robo_omni_controle.dir/D_/Pico/pico-sdk/src/rp2_common/hardware_gpio/gpio.c.obj
 .text.gpio_set_irq_enabled
                0x10001de0       0x20 CMakeFiles/Robo_omni_controle.dir/D_/Pico/pico-sdk/src/rp2_common/hardware_gpio/gpio.c.obj
                0x10001de0                gpio_set_irq_enabled
 .text.gpio_set_irq_enabled_with_callback
                0x10001e00       0x20 CMakeFiles/Robo_omni_controle.dir/D_/Pico/pico-sdk/src/rp2_common/hardware_gpio/gpio.c.obj
                0x10001e00                gpio_set_irq_enabled_with_callback
 .text.gpio_default_irq_handler
                0x10001e20       0x98 CMakeFiles/Robo_omni_controle.dir/D_/Pico/pico-sdk/src/rp2_common/hardware_gpio/gpio.c.obj
 .text.gpio_set_input_enabled
                0x10001eb8       0x30 CMakeFiles/Robo_omni_controle.dir/D_/Pico/pico-sdk/src/rp2_common/hardware_gpio/gpio.c.obj
                0x10001eb8                gpio_set_input_enabled
 .text.gpio_init
                0x10001ee8       0x16 CMakeFiles/Robo_omni_controle.dir/D_/Pico/pico-sdk/src/rp2_common/hardware_gpio/gpio.c.obj
                0x10001ee8                gpio_init
 .text.gpio_init_mask
                0x10001efe       0x1e CMakeFiles/Robo_omni_controle.dir/D_/Pico/pico-sdk/src/rp2_common/hardware_gpio/gpio.c.obj
                0x10001efe                gpio_init_mask
 .text.running_on_fpga
                0x10001f1c       0x14 CMakeFiles/Robo_omni_controle.dir/D_/Pico/pico-sdk/src/rp2_common/pico_platform/platform.c.obj
                0x10001f1c                running_on_fpga
 .text.hw_claim_lock
                0x10001f30       0x18 CMakeFiles/Robo_omni_controle.dir/D_/Pico/pico-sdk/src/rp2_common/hardware_claim/claim.c.obj
                0x10001f30                hw_claim_lock
 .text.hw_claim_unlock
                0x10001f48       0x14 CMakeFiles/Robo_omni_controle.dir/D_/Pico/pico-sdk/src/rp2_common/hardware_claim/claim.c.obj
                0x10001f48                hw_claim_unlock
 .text.hw_claim_or_assert
                0x10001f5c       0x32 CMakeFiles/Robo_omni_controle.dir/D_/Pico/pico-sdk/src/rp2_common/hardware_claim/claim.c.obj
                0x10001f5c                hw_claim_or_assert
 .text.hw_claim_unused_from_range
                0x10001f8e       0x50 CMakeFiles/Robo_omni_controle.dir/D_/Pico/pico-sdk/src/rp2_common/hardware_claim/claim.c.obj
                0x10001f8e                hw_claim_unused_from_range
 *fill*         0x10001fde        0x2 
 .text.spin_locks_reset
                0x10001fe0       0x20 CMakeFiles/Robo_omni_controle.dir/D_/Pico/pico-sdk/src/rp2_common/hardware_sync/sync.c.obj
                0x10001fe0                spin_locks_reset
 .text.next_striped_spin_lock_num
                0x10002000       0x1c CMakeFiles/Robo_omni_controle.dir/D_/Pico/pico-sdk/src/rp2_common/hardware_sync/sync.c.obj
                0x10002000                next_striped_spin_lock_num
 .text.spin_lock_claim_unused
                0x1000201c       0x20 CMakeFiles/Robo_omni_controle.dir/D_/Pico/pico-sdk/src/rp2_common/hardware_sync/sync.c.obj
                0x1000201c                spin_lock_claim_unused
 .text.set_raw_irq_handler_and_unlock
                0x1000203c       0x28 CMakeFiles/Robo_omni_controle.dir/D_/Pico/pico-sdk/src/rp2_common/hardware_irq/irq.c.obj
 .text.make_branch
                0x10002064       0x48 CMakeFiles/Robo_omni_controle.dir/D_/Pico/pico-sdk/src/rp2_common/hardware_irq/irq.c.obj
 .text.insert_branch_and_link
                0x100020ac       0x40 CMakeFiles/Robo_omni_controle.dir/D_/Pico/pico-sdk/src/rp2_common/hardware_irq/irq.c.obj
 .text.irq_is_enabled
                0x100020ec       0x18 CMakeFiles/Robo_omni_controle.dir/D_/Pico/pico-sdk/src/rp2_common/hardware_irq/irq.c.obj
                0x100020ec                irq_is_enabled
 .text.irq_set_mask_enabled
                0x10002104       0x20 CMakeFiles/Robo_omni_controle.dir/D_/Pico/pico-sdk/src/rp2_common/hardware_irq/irq.c.obj
                0x10002104                irq_set_mask_enabled
 .text.irq_set_enabled
                0x10002124        0xe CMakeFiles/Robo_omni_controle.dir/D_/Pico/pico-sdk/src/rp2_common/hardware_irq/irq.c.obj
                0x10002124                irq_set_enabled
 *fill*         0x10002132        0x2 
 .text.irq_set_pending
                0x10002134       0x10 CMakeFiles/Robo_omni_controle.dir/D_/Pico/pico-sdk/src/rp2_common/hardware_irq/irq.c.obj
                0x10002134                irq_set_pending
 .text.irq_get_vtable_handler
                0x10002144       0x10 CMakeFiles/Robo_omni_controle.dir/D_/Pico/pico-sdk/src/rp2_common/hardware_irq/irq.c.obj
                0x10002144                irq_get_vtable_handler
 .text.irq_has_shared_handler
                0x10002154       0x24 CMakeFiles/Robo_omni_controle.dir/D_/Pico/pico-sdk/src/rp2_common/hardware_irq/irq.c.obj
                0x10002154                irq_has_shared_handler
 .text.irq_set_exclusive_handler
                0x10002178       0x54 CMakeFiles/Robo_omni_controle.dir/D_/Pico/pico-sdk/src/rp2_common/hardware_irq/irq.c.obj
                0x10002178                irq_set_exclusive_handler
 .text.irq_add_shared_handler
                0x100021cc      0x234 CMakeFiles/Robo_omni_controle.dir/D_/Pico/pico-sdk/src/rp2_common/hardware_irq/irq.c.obj
                0x100021cc                irq_add_shared_handler
 .text.irq_remove_handler
                0x10002400      0x1ac CMakeFiles/Robo_omni_controle.dir/D_/Pico/pico-sdk/src/rp2_common/hardware_irq/irq.c.obj
                0x10002400                irq_remove_handler
 .text.irq_add_tail_to_free_list
                0x100025ac       0xf0 CMakeFiles/Robo_omni_controle.dir/D_/Pico/pico-sdk/src/rp2_common/hardware_irq/irq.c.obj
                0x100025ac                irq_add_tail_to_free_list
 .text.irq_init_priorities
                0x1000269c       0x1c CMakeFiles/Robo_omni_controle.dir/D_/Pico/pico-sdk/src/rp2_common/hardware_irq/irq.c.obj
                0x1000269c                irq_init_priorities
 .text.user_irq_claim_unused
                0x100026b8       0x28 CMakeFiles/Robo_omni_controle.dir/D_/Pico/pico-sdk/src/rp2_common/hardware_irq/irq.c.obj
                0x100026b8                user_irq_claim_unused
 .text.lock_init
                0x100026e0       0x10 CMakeFiles/Robo_omni_controle.dir/D_/Pico/pico-sdk/src/common/pico_sync/lock_core.c.obj
                0x100026e0                lock_init
 .text.mutex_init
                0x100026f0       0x1a CMakeFiles/Robo_omni_controle.dir/D_/Pico/pico-sdk/src/common/pico_sync/mutex.c.obj
                0x100026f0                mutex_init
 .text.recursive_mutex_init
                0x1000270a       0x1e CMakeFiles/Robo_omni_controle.dir/D_/Pico/pico-sdk/src/common/pico_sync/mutex.c.obj
                0x1000270a                recursive_mutex_init
 .text.critical_section_init_with_lock_num
                0x10002728       0x14 CMakeFiles/Robo_omni_controle.dir/D_/Pico/pico-sdk/src/common/pico_sync/critical_section.c.obj
                0x10002728                critical_section_init_with_lock_num
 .text.critical_section_init
                0x1000273c       0x14 CMakeFiles/Robo_omni_controle.dir/D_/Pico/pico-sdk/src/common/pico_sync/critical_section.c.obj
                0x1000273c                critical_section_init
 .text.repeating_timer_callback
                0x10002750       0x40 CMakeFiles/Robo_omni_controle.dir/D_/Pico/pico-sdk/src/common/pico_time/time.c.obj
 .text.alarm_pool_post_alloc_init
                0x10002790       0x40 CMakeFiles/Robo_omni_controle.dir/D_/Pico/pico-sdk/src/common/pico_time/time.c.obj
 .text.sleep_until_callback
                0x100027d0       0x30 CMakeFiles/Robo_omni_controle.dir/D_/Pico/pico-sdk/src/common/pico_time/time.c.obj
 .text.timer_pool_entry_comparator
                0x10002800       0x7c CMakeFiles/Robo_omni_controle.dir/D_/Pico/pico-sdk/src/common/pico_time/time.c.obj
                0x10002800                timer_pool_entry_comparator
 .text.ph_add_child_node
                0x1000287c       0xa4 CMakeFiles/Robo_omni_controle.dir/D_/Pico/pico-sdk/src/common/pico_time/time.c.obj
 .text.ph_merge_nodes
                0x10002920       0x3e CMakeFiles/Robo_omni_controle.dir/D_/Pico/pico-sdk/src/common/pico_time/time.c.obj
 *fill*         0x1000295e        0x2 
 .text.add_alarm_under_lock
                0x10002960      0x174 CMakeFiles/Robo_omni_controle.dir/D_/Pico/pico-sdk/src/common/pico_time/time.c.obj
 .text.alarm_pool_alarm_callback
                0x10002ad4      0x33c CMakeFiles/Robo_omni_controle.dir/D_/Pico/pico-sdk/src/common/pico_time/time.c.obj
 .text.alarm_pool_init_default
                0x10002e10       0x40 CMakeFiles/Robo_omni_controle.dir/D_/Pico/pico-sdk/src/common/pico_time/time.c.obj
                0x10002e10                alarm_pool_init_default
 .text.alarm_pool_get_default
                0x10002e50       0x2c CMakeFiles/Robo_omni_controle.dir/D_/Pico/pico-sdk/src/common/pico_time/time.c.obj
                0x10002e50                alarm_pool_get_default
 .text.alarm_pool_add_alarm_at
                0x10002e7c      0x168 CMakeFiles/Robo_omni_controle.dir/D_/Pico/pico-sdk/src/common/pico_time/time.c.obj
                0x10002e7c                alarm_pool_add_alarm_at
 .text.alarm_pool_cancel_alarm
                0x10002fe4       0xf8 CMakeFiles/Robo_omni_controle.dir/D_/Pico/pico-sdk/src/common/pico_time/time.c.obj
                0x10002fe4                alarm_pool_cancel_alarm
 .text.alarm_pool_core_num
                0x100030dc        0x4 CMakeFiles/Robo_omni_controle.dir/D_/Pico/pico-sdk/src/common/pico_time/time.c.obj
                0x100030dc                alarm_pool_core_num
 .text.alarm_pool_add_repeating_timer_us
                0x100030e0       0x98 CMakeFiles/Robo_omni_controle.dir/D_/Pico/pico-sdk/src/common/pico_time/time.c.obj
                0x100030e0                alarm_pool_add_repeating_timer_us
 .text.best_effort_wfe_or_timeout
                0x10003178       0xac CMakeFiles/Robo_omni_controle.dir/D_/Pico/pico-sdk/src/common/pico_time/time.c.obj
                0x10003178                best_effort_wfe_or_timeout
 .text.hardware_alarm_irq_handler
                0x10003224       0x90 CMakeFiles/Robo_omni_controle.dir/D_/Pico/pico-sdk/src/rp2_common/hardware_timer/timer.c.obj
 .text.hardware_alarm_claim
                0x100032b4       0x18 CMakeFiles/Robo_omni_controle.dir/D_/Pico/pico-sdk/src/rp2_common/hardware_timer/timer.c.obj
                0x100032b4                hardware_alarm_claim
 .text.time_us_64
                0x100032cc       0x18 CMakeFiles/Robo_omni_controle.dir/D_/Pico/pico-sdk/src/rp2_common/hardware_timer/timer.c.obj
                0x100032cc                time_us_64
 .text.busy_wait_until
                0x100032e4       0x28 CMakeFiles/Robo_omni_controle.dir/D_/Pico/pico-sdk/src/rp2_common/hardware_timer/timer.c.obj
                0x100032e4                busy_wait_until
 .text.busy_wait_us
                0x1000330c       0x48 CMakeFiles/Robo_omni_controle.dir/D_/Pico/pico-sdk/src/rp2_common/hardware_timer/timer.c.obj
                0x1000330c                busy_wait_us
 .text.busy_wait_us_32
                0x10003354       0x24 CMakeFiles/Robo_omni_controle.dir/D_/Pico/pico-sdk/src/rp2_common/hardware_timer/timer.c.obj
                0x10003354                busy_wait_us_32
 .text.busy_wait_ms
                0x10003378       0x30 CMakeFiles/Robo_omni_controle.dir/D_/Pico/pico-sdk/src/rp2_common/hardware_timer/timer.c.obj
                0x10003378                busy_wait_ms
 .text.hardware_alarm_set_callback
                0x100033a8       0x90 CMakeFiles/Robo_omni_controle.dir/D_/Pico/pico-sdk/src/rp2_common/hardware_timer/timer.c.obj
                0x100033a8                hardware_alarm_set_callback
 .text.hardware_alarm_set_target
                0x10003438       0xe8 CMakeFiles/Robo_omni_controle.dir/D_/Pico/pico-sdk/src/rp2_common/hardware_timer/timer.c.obj
                0x10003438                hardware_alarm_set_target
 .text.hardware_alarm_cancel
                0x10003520       0x40 CMakeFiles/Robo_omni_controle.dir/D_/Pico/pico-sdk/src/rp2_common/hardware_timer/timer.c.obj
                0x10003520                hardware_alarm_cancel
 .text.ph_add_child_node
                0x10003560       0xa4 CMakeFiles/Robo_omni_controle.dir/D_/Pico/pico-sdk/src/common/pico_util/pheap.c.obj
 .text.ph_merge_nodes
                0x10003604       0x3e CMakeFiles/Robo_omni_controle.dir/D_/Pico/pico-sdk/src/common/pico_util/pheap.c.obj
 *fill*         0x10003642        0x2 
 .text.ph_clear
                0x10003644       0x70 CMakeFiles/Robo_omni_controle.dir/D_/Pico/pico-sdk/src/common/pico_util/pheap.c.obj
                0x10003644                ph_clear
 .text.ph_post_alloc_init
                0x100036b4        0xe CMakeFiles/Robo_omni_controle.dir/D_/Pico/pico-sdk/src/common/pico_util/pheap.c.obj
                0x100036b4                ph_post_alloc_init
 *fill*         0x100036c2        0x2 
 .text.ph_merge_two_pass
                0x100036c4       0xa8 CMakeFiles/Robo_omni_controle.dir/D_/Pico/pico-sdk/src/common/pico_util/pheap.c.obj
                0x100036c4                ph_merge_two_pass
 .text.ph_remove_any_head
                0x1000376c      0x128 CMakeFiles/Robo_omni_controle.dir/D_/Pico/pico-sdk/src/common/pico_util/pheap.c.obj
 .text.ph_remove_head
                0x10003894       0x14 CMakeFiles/Robo_omni_controle.dir/D_/Pico/pico-sdk/src/common/pico_util/pheap.c.obj
                0x10003894                ph_remove_head
 .text.ph_remove_and_free_node
                0x100038a8       0xf8 CMakeFiles/Robo_omni_controle.dir/D_/Pico/pico-sdk/src/common/pico_util/pheap.c.obj
                0x100038a8                ph_remove_and_free_node
 .text.uart_disable_before_lcr_write
                0x100039a0       0x48 CMakeFiles/Robo_omni_controle.dir/D_/Pico/pico-sdk/src/rp2_common/hardware_uart/uart.c.obj
 .text.uart_write_lcr_bits_masked
                0x100039e8       0x22 CMakeFiles/Robo_omni_controle.dir/D_/Pico/pico-sdk/src/rp2_common/hardware_uart/uart.c.obj
 *fill*         0x10003a0a        0x2 
 .text.uart_set_baudrate
                0x10003a0c       0x5c CMakeFiles/Robo_omni_controle.dir/D_/Pico/pico-sdk/src/rp2_common/hardware_uart/uart.c.obj
                0x10003a0c                uart_set_baudrate
 .text.uart_set_format
                0x10003a68       0x2c CMakeFiles/Robo_omni_controle.dir/D_/Pico/pico-sdk/src/rp2_common/hardware_uart/uart.c.obj
                0x10003a68                uart_set_format
 .text.uart_set_translate_crlf
                0x10003a94       0x28 CMakeFiles/Robo_omni_controle.dir/D_/Pico/pico-sdk/src/rp2_common/hardware_uart/uart.c.obj
                0x10003a94                uart_set_translate_crlf
 .text.uart_init
                0x10003abc       0x80 CMakeFiles/Robo_omni_controle.dir/D_/Pico/pico-sdk/src/rp2_common/hardware_uart/uart.c.obj
                0x10003abc                uart_init
 .text.clock_configure
                0x10003b3c      0x108 CMakeFiles/Robo_omni_controle.dir/D_/Pico/pico-sdk/src/rp2_common/hardware_clocks/clocks.c.obj
                0x10003b3c                clock_configure
 .text.clocks_init
                0x10003c44      0x100 CMakeFiles/Robo_omni_controle.dir/D_/Pico/pico-sdk/src/rp2_common/hardware_clocks/clocks.c.obj
                0x10003c44                clocks_init
 .text.clock_get_hz
                0x10003d44        0xc CMakeFiles/Robo_omni_controle.dir/D_/Pico/pico-sdk/src/rp2_common/hardware_clocks/clocks.c.obj
                0x10003d44                clock_get_hz
 .text.pll_init
                0x10003d50      0x120 CMakeFiles/Robo_omni_controle.dir/D_/Pico/pico-sdk/src/rp2_common/hardware_pll/pll.c.obj
                0x10003d50                pll_init
 .text.watchdog_start_tick
                0x10003e70       0x10 CMakeFiles/Robo_omni_controle.dir/D_/Pico/pico-sdk/src/rp2_common/hardware_watchdog/watchdog.c.obj
                0x10003e70                watchdog_start_tick
 .text.watchdog_update
                0x10003e80       0x14 CMakeFiles/Robo_omni_controle.dir/D_/Pico/pico-sdk/src/rp2_common/hardware_watchdog/watchdog.c.obj
                0x10003e80                watchdog_update
 .text._watchdog_enable
                0x10003e94       0x78 CMakeFiles/Robo_omni_controle.dir/D_/Pico/pico-sdk/src/rp2_common/hardware_watchdog/watchdog.c.obj
                0x10003e94                _watchdog_enable
 .text.watchdog_reboot
                0x10003f0c       0x48 CMakeFiles/Robo_omni_controle.dir/D_/Pico/pico-sdk/src/rp2_common/hardware_watchdog/watchdog.c.obj
                0x10003f0c                watchdog_reboot
 .text.xosc_init
                0x10003f54       0x28 CMakeFiles/Robo_omni_controle.dir/D_/Pico/pico-sdk/src/rp2_common/hardware_xosc/xosc.c.obj
                0x10003f54                xosc_init
 .text._exit    0x10003f7c        0x4 CMakeFiles/Robo_omni_controle.dir/D_/Pico/pico-sdk/src/rp2_common/pico_runtime/runtime.c.obj
                0x10003f7c                _exit
 .text._sbrk    0x10003f80       0x38 CMakeFiles/Robo_omni_controle.dir/D_/Pico/pico-sdk/src/rp2_common/pico_runtime/runtime.c.obj
                0x10003f80                _sbrk
 .text.exit     0x10003fb8        0x6 CMakeFiles/Robo_omni_controle.dir/D_/Pico/pico-sdk/src/rp2_common/pico_runtime/runtime.c.obj
                0x10003fb8                exit
 *fill*         0x10003fbe        0x2 
 .text.__assert_func
                0x10003fc0       0x3c CMakeFiles/Robo_omni_controle.dir/D_/Pico/pico-sdk/src/rp2_common/pico_runtime/runtime.c.obj
                0x10003fc0                __assert_func
 .text.runtime_init
                0x10003ffc       0xf8 CMakeFiles/Robo_omni_controle.dir/D_/Pico/pico-sdk/src/rp2_common/pico_runtime/runtime.c.obj
                0x10003ffc                runtime_init
 .text.panic    0x100040f4       0x30 CMakeFiles/Robo_omni_controle.dir/D_/Pico/pico-sdk/src/rp2_common/pico_runtime/runtime.c.obj
                0x100040f4                panic
 .text._out_null
                0x10004124        0x2 CMakeFiles/Robo_omni_controle.dir/D_/Pico/pico-sdk/src/rp2_common/pico_printf/printf.c.obj
 .text._out_fct
                0x10004126        0xe CMakeFiles/Robo_omni_controle.dir/D_/Pico/pico-sdk/src/rp2_common/pico_printf/printf.c.obj
 .text._atoi    0x10004134       0x24 CMakeFiles/Robo_omni_controle.dir/D_/Pico/pico-sdk/src/rp2_common/pico_printf/printf.c.obj
 .text._out_rev
                0x10004158       0xae CMakeFiles/Robo_omni_controle.dir/D_/Pico/pico-sdk/src/rp2_common/pico_printf/printf.c.obj
 .text._ntoa_format
                0x10004206      0x112 CMakeFiles/Robo_omni_controle.dir/D_/Pico/pico-sdk/src/rp2_common/pico_printf/printf.c.obj
 .text._ntoa_long
                0x10004318       0xbc CMakeFiles/Robo_omni_controle.dir/D_/Pico/pico-sdk/src/rp2_common/pico_printf/printf.c.obj
 .text._ntoa_long_long
                0x100043d4       0xe2 CMakeFiles/Robo_omni_controle.dir/D_/Pico/pico-sdk/src/rp2_common/pico_printf/printf.c.obj
 *fill*         0x100044b6        0x2 
 .text._etoa    0x100044b8      0x414 CMakeFiles/Robo_omni_controle.dir/D_/Pico/pico-sdk/src/rp2_common/pico_printf/printf.c.obj
 .text._ftoa    0x100048cc      0x354 CMakeFiles/Robo_omni_controle.dir/D_/Pico/pico-sdk/src/rp2_common/pico_printf/printf.c.obj
 .text._vsnprintf
                0x10004c20      0x624 CMakeFiles/Robo_omni_controle.dir/D_/Pico/pico-sdk/src/rp2_common/pico_printf/printf.c.obj
 .text.vfctprintf
                0x10005244       0x20 CMakeFiles/Robo_omni_controle.dir/D_/Pico/pico-sdk/src/rp2_common/pico_printf/printf.c.obj
                0x10005244                vfctprintf
 .text          0x10005264       0x10 CMakeFiles/Robo_omni_controle.dir/D_/Pico/pico-sdk/src/rp2_common/pico_bit_ops/bit_ops_aeabi.S.obj
 .text.rom_func_lookup
                0x10005274       0x10 CMakeFiles/Robo_omni_controle.dir/D_/Pico/pico-sdk/src/rp2_common/pico_bootrom/bootrom.c.obj
                0x10005274                rom_func_lookup
 .text.rom_data_lookup
                0x10005284       0x10 CMakeFiles/Robo_omni_controle.dir/D_/Pico/pico-sdk/src/rp2_common/pico_bootrom/bootrom.c.obj
                0x10005284                rom_data_lookup
 .text.rom_funcs_lookup
                0x10005294       0x36 CMakeFiles/Robo_omni_controle.dir/D_/Pico/pico-sdk/src/rp2_common/pico_bootrom/bootrom.c.obj
                0x10005294                rom_funcs_lookup
 *fill*         0x100052ca        0x2 
 .text.__wrap___aeabi_idiv
                0x100052cc       0x50 CMakeFiles/Robo_omni_controle.dir/D_/Pico/pico-sdk/src/rp2_common/pico_divider/divider.S.obj
                0x100052cc                __wrap___aeabi_idivmod
                0x100052cc                divmod_s32s32
                0x100052cc                div_s32s32
                0x100052cc                __wrap___aeabi_idiv
                0x100052d4                divmod_s32s32_unsafe
                0x10005300                divmod_s32s32_savestate
 .text.__wrap___aeabi_uidiv
                0x1000531c       0x4c CMakeFiles/Robo_omni_controle.dir/D_/Pico/pico-sdk/src/rp2_common/pico_divider/divider.S.obj
                0x1000531c                __wrap___aeabi_uidiv
                0x1000531c                __wrap___aeabi_uidivmod
                0x1000531c                div_u32u32
                0x1000531c                divmod_u32u32
                0x10005324                divmod_u32u32_unsafe
                0x1000534c                divmod_u32u32_savestate
 .text.__wrap___aeabi_ldiv
                0x10005368      0x424 CMakeFiles/Robo_omni_controle.dir/D_/Pico/pico-sdk/src/rp2_common/pico_divider/divider.S.obj
                0x10005368                div_s64s64
                0x10005368                divmod_s64s64
                0x10005368                __wrap___aeabi_ldivmod
                0x10005398                divmod_u64u64
                0x10005398                div_u64u64
                0x10005398                __wrap___aeabi_uldivmod
                0x100053a8                divmod_u64u64_savestate
                0x100053c8                divmod_s64s64_unsafe
                0x10005450                divmod_u64u64_unsafe
 .text.__wrap___aeabi_darithmetic
                0x1000578c       0x80 CMakeFiles/Robo_omni_controle.dir/D_/Pico/pico-sdk/src/rp2_common/pico_double/double_aeabi.S.obj
                0x1000578c                __wrap___aeabi_drsub
                0x10005792                __wrap___aeabi_dsub
                0x100057a4                __wrap___aeabi_dadd
                0x100057b6                __wrap___aeabi_ddiv
                0x100057f2                __wrap___aeabi_dmul
 .text.__wrap___aeabi_cdcmple
                0x1000580c       0x6c CMakeFiles/Robo_omni_controle.dir/D_/Pico/pico-sdk/src/rp2_common/pico_double/double_aeabi.S.obj
                0x1000580c                __wrap___aeabi_cdrcmple
                0x1000581c                __wrap___aeabi_cdcmpeq
                0x1000581c                __wrap___aeabi_cdcmple
 .text.__wrap___aeabi_dcmpeq
                0x10005878       0x10 CMakeFiles/Robo_omni_controle.dir/D_/Pico/pico-sdk/src/rp2_common/pico_double/double_aeabi.S.obj
                0x10005878                __wrap___aeabi_dcmpeq
 .text.__wrap___aeabi_dcmplt
                0x10005888        0xc CMakeFiles/Robo_omni_controle.dir/D_/Pico/pico-sdk/src/rp2_common/pico_double/double_aeabi.S.obj
                0x10005888                __wrap___aeabi_dcmplt
 .text.__wrap___aeabi_dcmple
                0x10005894       0x10 CMakeFiles/Robo_omni_controle.dir/D_/Pico/pico-sdk/src/rp2_common/pico_double/double_aeabi.S.obj
                0x10005894                __wrap___aeabi_dcmple
 .text.__wrap___aeabi_dcmpge
                0x100058a4       0x10 CMakeFiles/Robo_omni_controle.dir/D_/Pico/pico-sdk/src/rp2_common/pico_double/double_aeabi.S.obj
                0x100058a4                __wrap___aeabi_dcmpge
 .text.__wrap___aeabi_dcmpgt
                0x100058b4        0xa CMakeFiles/Robo_omni_controle.dir/D_/Pico/pico-sdk/src/rp2_common/pico_double/double_aeabi.S.obj
                0x100058b4                __wrap___aeabi_dcmpgt
 .text.__wrap___aeabi_dcmpun
                0x100058be       0x1c CMakeFiles/Robo_omni_controle.dir/D_/Pico/pico-sdk/src/rp2_common/pico_double/double_aeabi.S.obj
                0x100058be                __wrap___aeabi_dcmpun
 *fill*         0x100058da        0x2 
 .text.__wrap___aeabi_i2d
                0x100058dc       0x38 CMakeFiles/Robo_omni_controle.dir/D_/Pico/pico-sdk/src/rp2_common/pico_double/double_aeabi.S.obj
                0x100058dc                __wrap___aeabi_ui2d
                0x100058e4                __wrap___aeabi_i2d
 .text.__wrap___aeabi_d2iz
                0x10005914       0x48 CMakeFiles/Robo_omni_controle.dir/D_/Pico/pico-sdk/src/rp2_common/pico_double/double_aeabi.S.obj
                0x10005914                double2int_z
                0x10005914                __wrap___aeabi_d2iz
 .text.__wrap___aeabi_d2uiz
                0x1000595c       0x18 CMakeFiles/Robo_omni_controle.dir/D_/Pico/pico-sdk/src/rp2_common/pico_double/double_aeabi.S.obj
                0x1000595c                __wrap___aeabi_d2uiz
                0x1000595c                double2uint
 .text.__wrap___aeabi_d2f
                0x10005974       0x18 CMakeFiles/Robo_omni_controle.dir/D_/Pico/pico-sdk/src/rp2_common/pico_double/double_aeabi.S.obj
                0x10005974                __wrap___aeabi_d2f
 .text.__wrap_exp
                0x1000598c       0x18 CMakeFiles/Robo_omni_controle.dir/D_/Pico/pico-sdk/src/rp2_common/pico_double/double_aeabi.S.obj
                0x1000598c                __wrap_exp
 .text.__wrap_log
                0x100059a4       0x18 CMakeFiles/Robo_omni_controle.dir/D_/Pico/pico-sdk/src/rp2_common/pico_double/double_aeabi.S.obj
                0x100059a4                __wrap_log
 .text.__aeabi_double_init
                0x100059bc       0xc8 CMakeFiles/Robo_omni_controle.dir/D_/Pico/pico-sdk/src/rp2_common/pico_double/double_init_rom.c.obj
                0x100059bc                __aeabi_double_init
 .text.dpow_int2
                0x10005a84       0x2c CMakeFiles/Robo_omni_controle.dir/D_/Pico/pico-sdk/src/rp2_common/pico_double/double_math.c.obj
 .text.dpow_1   0x10005ab0      0x2a8 CMakeFiles/Robo_omni_controle.dir/D_/Pico/pico-sdk/src/rp2_common/pico_double/double_math.c.obj
 .text.dpow_0   0x10005d58      0x1a0 CMakeFiles/Robo_omni_controle.dir/D_/Pico/pico-sdk/src/rp2_common/pico_double/double_math.c.obj
 .text.__wrap_ldexp
                0x10005ef8       0x50 CMakeFiles/Robo_omni_controle.dir/D_/Pico/pico-sdk/src/rp2_common/pico_double/double_math.c.obj
                0x10005ef8                __wrap_ldexp
 .text.__wrap_round
                0x10005f48       0x9c CMakeFiles/Robo_omni_controle.dir/D_/Pico/pico-sdk/src/rp2_common/pico_double/double_math.c.obj
                0x10005f48                __wrap_round
 .text.__wrap_exp2
                0x10005fe4       0xcc CMakeFiles/Robo_omni_controle.dir/D_/Pico/pico-sdk/src/rp2_common/pico_double/double_math.c.obj
                0x10005fe4                __wrap_exp2
 .text.__wrap_pow
                0x100060b0      0x37c CMakeFiles/Robo_omni_controle.dir/D_/Pico/pico-sdk/src/rp2_common/pico_double/double_math.c.obj
                0x100060b0                __wrap_pow
 .text.double_table_shim_on_use_helper
                0x1000642c       0x34 CMakeFiles/Robo_omni_controle.dir/D_/Pico/pico-sdk/src/rp2_common/pico_double/double_v1_rom_shim.S.obj
                0x1000642c                double_table_shim_on_use_helper
 .text.__wrap___aeabi_dsub
                0x10006460       0x10 CMakeFiles/Robo_omni_controle.dir/D_/Pico/pico-sdk/src/rp2_common/pico_double/double_v1_rom_shim.S.obj
                0x10006460                drsub_shim
                0x10006466                dsub_shim
 .text.dadd_shim
                0x10006470      0x15c CMakeFiles/Robo_omni_controle.dir/D_/Pico/pico-sdk/src/rp2_common/pico_double/double_v1_rom_shim.S.obj
                0x10006470                dadd_shim
 .text.dmul_shim
                0x100065cc      0x15c CMakeFiles/Robo_omni_controle.dir/D_/Pico/pico-sdk/src/rp2_common/pico_double/double_v1_rom_shim.S.obj
                0x100065cc                dmul_shim
 .text.ddiv_shim
                0x10006728      0x1b0 CMakeFiles/Robo_omni_controle.dir/D_/Pico/pico-sdk/src/rp2_common/pico_double/double_v1_rom_shim.S.obj
                0x10006728                ddiv_shim
 .text.double2uint_shim
                0x100068d8        0xe CMakeFiles/Robo_omni_controle.dir/D_/Pico/pico-sdk/src/rp2_common/pico_double/double_v1_rom_shim.S.obj
                0x100068d8                double2uint_shim
                0x100068da                double2ufix_shim
 *fill*         0x100068e6        0x2 
 .text.double2uint64_shim
                0x100068e8       0x70 CMakeFiles/Robo_omni_controle.dir/D_/Pico/pico-sdk/src/rp2_common/pico_double/double_v1_rom_shim.S.obj
                0x100068e8                double2uint64_shim
                0x100068ea                double2ufix64_shim
                0x1000690a                d2fix_a
 .text.double2float_shim
                0x10006958       0x5c CMakeFiles/Robo_omni_controle.dir/D_/Pico/pico-sdk/src/rp2_common/pico_double/double_v1_rom_shim.S.obj
                0x10006958                double2float_shim
 .text.x2double_shims
                0x100069b4       0x90 CMakeFiles/Robo_omni_controle.dir/D_/Pico/pico-sdk/src/rp2_common/pico_double/double_v1_rom_shim.S.obj
                0x100069b4                uint2double_shim
                0x100069b6                ufix2double_shim
                0x100069bc                int2double_shim
                0x100069be                fix2double_shim
                0x100069c4                uint642double_shim
                0x100069c6                ufix642double_shim
                0x100069cc                int642double_shim
                0x100069ce                fix642double_shim
 .text.dunpacks
                0x10006a44       0x3c CMakeFiles/Robo_omni_controle.dir/D_/Pico/pico-sdk/src/rp2_common/pico_double/double_v1_rom_shim.S.obj
                0x10006a44                dunpacks
 .text.dreduce  0x10006a80       0x82 CMakeFiles/Robo_omni_controle.dir/D_/Pico/pico-sdk/src/rp2_common/pico_double/double_v1_rom_shim.S.obj
                0x10006a80                dreduce
 *fill*         0x10006b02        0x2 
 .text.dexp_guts
                0x10006b04      0x268 CMakeFiles/Robo_omni_controle.dir/D_/Pico/pico-sdk/src/rp2_common/pico_double/double_v1_rom_shim.S.obj
                0x10006b04                dexp_shim
                0x10006ba0                dln_shim
 .text.__aeabi_lmul
                0x10006d6c       0x32 CMakeFiles/Robo_omni_controle.dir/D_/Pico/pico-sdk/src/rp2_common/pico_int64_ops/pico_int64_ops_aeabi.S.obj
                0x10006d6c                __wrap___aeabi_lmul
 *fill*         0x10006d9e        0x2 
 .text.__wrap___aeabi_farithmetic
                0x10006da0       0x58 CMakeFiles/Robo_omni_controle.dir/D_/Pico/pico-sdk/src/rp2_common/pico_float/float_aeabi.S.obj
                0x10006da0                __wrap___aeabi_frsub
                0x10006da6                __wrap___aeabi_fsub
                0x10006db0                __wrap___aeabi_fadd
                0x10006dba                __wrap___aeabi_fdiv
                0x10006de6                __wrap___aeabi_fmul
 .text.__wrap___aeabi_cfcmple
                0x10006df8       0x50 CMakeFiles/Robo_omni_controle.dir/D_/Pico/pico-sdk/src/rp2_common/pico_float/float_aeabi.S.obj
                0x10006df8                __wrap___aeabi_cfrcmple
                0x10006e04                __wrap___aeabi_cfcmple
                0x10006e04                __wrap___aeabi_cfcmpeq
 .text.__wrap___aeabi_fcmpeq
                0x10006e48       0x10 CMakeFiles/Robo_omni_controle.dir/D_/Pico/pico-sdk/src/rp2_common/pico_float/float_aeabi.S.obj
                0x10006e48                __wrap___aeabi_fcmpeq
 .text.__wrap___aeabi_fcmplt
                0x10006e58        0xc CMakeFiles/Robo_omni_controle.dir/D_/Pico/pico-sdk/src/rp2_common/pico_float/float_aeabi.S.obj
                0x10006e58                __wrap___aeabi_fcmplt
 .text.__wrap___aeabi_i2f
                0x10006e64       0x44 CMakeFiles/Robo_omni_controle.dir/D_/Pico/pico-sdk/src/rp2_common/pico_float/float_aeabi.S.obj
                0x10006e64                __wrap___aeabi_i2f
 .text.__wrap___aeabi_f2iz
                0x10006ea8       0x4e CMakeFiles/Robo_omni_controle.dir/D_/Pico/pico-sdk/src/rp2_common/pico_float/float_aeabi.S.obj
                0x10006ea8                float2int_z
                0x10006ea8                __wrap___aeabi_f2iz
 *fill*         0x10006ef6        0x2 
 .text.float2int
                0x10006ef8       0x14 CMakeFiles/Robo_omni_controle.dir/D_/Pico/pico-sdk/src/rp2_common/pico_float/float_aeabi.S.obj
                0x10006ef8                float2int
 .text.__wrap___aeabi_f2uiz
                0x10006f0c       0x10 CMakeFiles/Robo_omni_controle.dir/D_/Pico/pico-sdk/src/rp2_common/pico_float/float_aeabi.S.obj
                0x10006f0c                __wrap___aeabi_f2uiz
 .text.fix2float
                0x10006f1c       0x10 CMakeFiles/Robo_omni_controle.dir/D_/Pico/pico-sdk/src/rp2_common/pico_float/float_aeabi.S.obj
                0x10006f1c                fix2float
 .text.__wrap___aeabi_f2d
                0x10006f2c       0x14 CMakeFiles/Robo_omni_controle.dir/D_/Pico/pico-sdk/src/rp2_common/pico_float/float_aeabi.S.obj
                0x10006f2c                __wrap___aeabi_f2d
 .text.__wrap_cosf
                0x10006f40       0x28 CMakeFiles/Robo_omni_controle.dir/D_/Pico/pico-sdk/src/rp2_common/pico_float/float_aeabi.S.obj
                0x10006f40                __wrap_cosf
 .text.__wrap_sinf
                0x10006f68       0x28 CMakeFiles/Robo_omni_controle.dir/D_/Pico/pico-sdk/src/rp2_common/pico_float/float_aeabi.S.obj
                0x10006f68                __wrap_sinf
 .text.__wrap_atan2f
                0x10006f90       0x14 CMakeFiles/Robo_omni_controle.dir/D_/Pico/pico-sdk/src/rp2_common/pico_float/float_aeabi.S.obj
                0x10006f90                __wrap_atan2f
 .text.__aeabi_float_init
                0x10006fa4       0xfc CMakeFiles/Robo_omni_controle.dir/D_/Pico/pico-sdk/src/rp2_common/pico_float/float_init_rom.c.obj
                0x10006fa4                __aeabi_float_init
 .text.frem_0   0x100070a0       0x80 CMakeFiles/Robo_omni_controle.dir/D_/Pico/pico-sdk/src/rp2_common/pico_float/float_math.c.obj
 .text.__wrap_remquof
                0x10007120       0xda CMakeFiles/Robo_omni_controle.dir/D_/Pico/pico-sdk/src/rp2_common/pico_float/float_math.c.obj
                0x10007120                __wrap_remquof
 .text.__wrap_remainderf
                0x100071fa        0xa CMakeFiles/Robo_omni_controle.dir/D_/Pico/pico-sdk/src/rp2_common/pico_float/float_math.c.obj
                0x100071fa                __wrap_remainderf
 .text.float_table_shim_on_use_helper
                0x10007204       0x34 CMakeFiles/Robo_omni_controle.dir/D_/Pico/pico-sdk/src/rp2_common/pico_float/float_v1_rom_shim.S.obj
                0x10007204                float_table_shim_on_use_helper
 .text.fatan2_shim
                0x10007238       0x88 CMakeFiles/Robo_omni_controle.dir/D_/Pico/pico-sdk/src/rp2_common/pico_float/float_v1_rom_shim.S.obj
                0x10007238                fatan2_shim
 .text.float232_shims
                0x100072c0       0x18 CMakeFiles/Robo_omni_controle.dir/D_/Pico/pico-sdk/src/rp2_common/pico_float/float_v1_rom_shim.S.obj
                0x100072c0                float2int_shim
                0x100072c2                float2fix_shim
 .text.float2double_shim
                0x100072d8       0x30 CMakeFiles/Robo_omni_controle.dir/D_/Pico/pico-sdk/src/rp2_common/pico_float/float_v1_rom_shim.S.obj
                0x100072d8                float2double_shim
 .text.__wrap_malloc
                0x10007308       0x24 CMakeFiles/Robo_omni_controle.dir/D_/Pico/pico-sdk/src/rp2_common/pico_malloc/pico_malloc.c.obj
                0x10007308                __wrap_malloc
 .text          0x1000732c       0x10 CMakeFiles/Robo_omni_controle.dir/D_/Pico/pico-sdk/src/rp2_common/pico_mem_ops/mem_ops_aeabi.S.obj
                0x1000732c                __aeabi_mem_init
 .text.memset   0x1000733c        0xc CMakeFiles/Robo_omni_controle.dir/D_/Pico/pico-sdk/src/rp2_common/pico_mem_ops/mem_ops_aeabi.S.obj
                0x1000733c                __wrap_memset
 .text.memcpy   0x10007348        0xc CMakeFiles/Robo_omni_controle.dir/D_/Pico/pico-sdk/src/rp2_common/pico_mem_ops/mem_ops_aeabi.S.obj
                0x10007348                __wrap_memcpy
                0x10007348                __wrap___aeabi_memcpy
 .text.stdio_out_chars_no_crlf
                0x10007354        0xe CMakeFiles/Robo_omni_controle.dir/D_/Pico/pico-sdk/src/rp2_common/pico_stdio/stdio.c.obj
 *fill*         0x10007362        0x2 
 .text.stdio_out_chars_crlf
                0x10007364       0x80 CMakeFiles/Robo_omni_controle.dir/D_/Pico/pico-sdk/src/rp2_common/pico_stdio/stdio.c.obj
 .text.stdio_stack_buffer_flush
                0x100073e4       0x44 CMakeFiles/Robo_omni_controle.dir/D_/Pico/pico-sdk/src/rp2_common/pico_stdio/stdio.c.obj
 .text.stdio_buffered_printer
                0x10007428       0x20 CMakeFiles/Robo_omni_controle.dir/D_/Pico/pico-sdk/src/rp2_common/pico_stdio/stdio.c.obj
 .text.stdout_serialize_begin
                0x10007448       0x5c CMakeFiles/Robo_omni_controle.dir/D_/Pico/pico-sdk/src/rp2_common/pico_stdio/stdio.c.obj
                0x10007448                stdout_serialize_begin
 .text.stdout_serialize_end
                0x100074a4       0x10 CMakeFiles/Robo_omni_controle.dir/D_/Pico/pico-sdk/src/rp2_common/pico_stdio/stdio.c.obj
                0x100074a4                stdout_serialize_end
 .text.stdio_put_string
                0x100074b4       0x98 CMakeFiles/Robo_omni_controle.dir/D_/Pico/pico-sdk/src/rp2_common/pico_stdio/stdio.c.obj
 .text.stdio_set_driver_enabled
                0x1000754c       0x2c CMakeFiles/Robo_omni_controle.dir/D_/Pico/pico-sdk/src/rp2_common/pico_stdio/stdio.c.obj
                0x1000754c                stdio_set_driver_enabled
 .text.stdio_flush
                0x10007578       0x20 CMakeFiles/Robo_omni_controle.dir/D_/Pico/pico-sdk/src/rp2_common/pico_stdio/stdio.c.obj
                0x10007578                stdio_flush
 .text.__wrap_puts
                0x10007598       0x1e CMakeFiles/Robo_omni_controle.dir/D_/Pico/pico-sdk/src/rp2_common/pico_stdio/stdio.c.obj
                0x10007598                __wrap_puts
 *fill*         0x100075b6        0x2 
 .text.__wrap_vprintf
                0x100075b8       0x40 CMakeFiles/Robo_omni_controle.dir/D_/Pico/pico-sdk/src/rp2_common/pico_stdio/stdio.c.obj
                0x100075b8                __wrap_vprintf
 .text.__wrap_printf
                0x100075f8       0x18 CMakeFiles/Robo_omni_controle.dir/D_/Pico/pico-sdk/src/rp2_common/pico_stdio/stdio.c.obj
                0x100075f8                __wrap_printf
 .text.stdio_init_all
                0x10007610        0xe CMakeFiles/Robo_omni_controle.dir/D_/Pico/pico-sdk/src/rp2_common/pico_stdio/stdio.c.obj
                0x10007610                stdio_init_all
 *fill*         0x1000761e        0x2 
 .text.stdio_uart_out_chars
                0x10007620       0x74 CMakeFiles/Robo_omni_controle.dir/D_/Pico/pico-sdk/src/rp2_common/pico_stdio_uart/stdio_uart.c.obj
 .text.stdio_uart_in_chars
                0x10007694       0x80 CMakeFiles/Robo_omni_controle.dir/D_/Pico/pico-sdk/src/rp2_common/pico_stdio_uart/stdio_uart.c.obj
                0x10007694                stdio_uart_in_chars
 .text.on_uart_rx
                0x10007714       0x28 CMakeFiles/Robo_omni_controle.dir/D_/Pico/pico-sdk/src/rp2_common/pico_stdio_uart/stdio_uart.c.obj
 .text.stdio_uart_set_chars_available_callback
                0x1000773c       0x8c CMakeFiles/Robo_omni_controle.dir/D_/Pico/pico-sdk/src/rp2_common/pico_stdio_uart/stdio_uart.c.obj
 .text.stdio_uart_init_full
                0x100077c8       0x44 CMakeFiles/Robo_omni_controle.dir/D_/Pico/pico-sdk/src/rp2_common/pico_stdio_uart/stdio_uart.c.obj
                0x100077c8                stdio_uart_init_full
 .text.stdio_uart_init
                0x1000780c       0x28 CMakeFiles/Robo_omni_controle.dir/D_/Pico/pico-sdk/src/rp2_common/pico_stdio_uart/stdio_uart.c.obj
                0x1000780c                stdio_uart_init
 .text.resetd_init
                0x10007834        0x2 CMakeFiles/Robo_omni_controle.dir/D_/Pico/pico-sdk/src/rp2_common/pico_stdio_usb/reset_interface.c.obj
 *fill*         0x10007836        0x2 
 .text.resetd_reset
                0x10007838        0xc CMakeFiles/Robo_omni_controle.dir/D_/Pico/pico-sdk/src/rp2_common/pico_stdio_usb/reset_interface.c.obj
 .text.resetd_open
                0x10007844       0x34 CMakeFiles/Robo_omni_controle.dir/D_/Pico/pico-sdk/src/rp2_common/pico_stdio_usb/reset_interface.c.obj
 .text.resetd_xfer_cb
                0x10007878        0x4 CMakeFiles/Robo_omni_controle.dir/D_/Pico/pico-sdk/src/rp2_common/pico_stdio_usb/reset_interface.c.obj
 .text.reset_usb_boot
                0x1000787c       0x18 CMakeFiles/Robo_omni_controle.dir/D_/Pico/pico-sdk/src/rp2_common/pico_stdio_usb/reset_interface.c.obj
 .text.resetd_control_xfer_cb
                0x10007894       0x5c CMakeFiles/Robo_omni_controle.dir/D_/Pico/pico-sdk/src/rp2_common/pico_stdio_usb/reset_interface.c.obj
 .text.usbd_app_driver_get_cb
                0x100078f0        0xc CMakeFiles/Robo_omni_controle.dir/D_/Pico/pico-sdk/src/rp2_common/pico_stdio_usb/reset_interface.c.obj
                0x100078f0                usbd_app_driver_get_cb
 .text.tud_cdc_line_coding_cb
                0x100078fc       0x28 CMakeFiles/Robo_omni_controle.dir/D_/Pico/pico-sdk/src/rp2_common/pico_stdio_usb/reset_interface.c.obj
                0x100078fc                tud_cdc_line_coding_cb
 .text.stdio_usb_set_chars_available_callback
                0x10007924       0x14 CMakeFiles/Robo_omni_controle.dir/D_/Pico/pico-sdk/src/rp2_common/pico_stdio_usb/stdio_usb.c.obj
                0x10007924                stdio_usb_set_chars_available_callback
 .text.usb_irq  0x10007938       0x10 CMakeFiles/Robo_omni_controle.dir/D_/Pico/pico-sdk/src/rp2_common/pico_stdio_usb/stdio_usb.c.obj
 .text.timer_task
                0x10007948       0x5c CMakeFiles/Robo_omni_controle.dir/D_/Pico/pico-sdk/src/rp2_common/pico_stdio_usb/stdio_usb.c.obj
 .text.low_priority_worker_irq
                0x100079a4       0xdc CMakeFiles/Robo_omni_controle.dir/D_/Pico/pico-sdk/src/rp2_common/pico_stdio_usb/stdio_usb.c.obj
 .text.tud_cdc_rx_cb
                0x10007a80       0x20 CMakeFiles/Robo_omni_controle.dir/D_/Pico/pico-sdk/src/rp2_common/pico_stdio_usb/stdio_usb.c.obj
                0x10007a80                tud_cdc_rx_cb
 .text.stdio_usb_init
                0x10007aa0      0x11c CMakeFiles/Robo_omni_controle.dir/D_/Pico/pico-sdk/src/rp2_common/pico_stdio_usb/stdio_usb.c.obj
                0x10007aa0                stdio_usb_init
 .text.stdio_usb_connected
                0x10007bbc        0xa CMakeFiles/Robo_omni_controle.dir/D_/Pico/pico-sdk/src/rp2_common/pico_stdio_usb/stdio_usb.c.obj
                0x10007bbc                stdio_usb_connected
 *fill*         0x10007bc6        0x2 
 .text.stdio_usb_in_chars
                0x10007bc8       0xc4 CMakeFiles/Robo_omni_controle.dir/D_/Pico/pico-sdk/src/rp2_common/pico_stdio_usb/stdio_usb.c.obj
                0x10007bc8                stdio_usb_in_chars
 .text.stdio_usb_out_chars
                0x10007c8c      0x114 CMakeFiles/Robo_omni_controle.dir/D_/Pico/pico-sdk/src/rp2_common/pico_stdio_usb/stdio_usb.c.obj
 .text.tud_descriptor_device_cb
                0x10007da0        0x8 CMakeFiles/Robo_omni_controle.dir/D_/Pico/pico-sdk/src/rp2_common/pico_stdio_usb/stdio_usb_descriptors.c.obj
                0x10007da0                tud_descriptor_device_cb
 .text.tud_descriptor_configuration_cb
                0x10007da8        0x8 CMakeFiles/Robo_omni_controle.dir/D_/Pico/pico-sdk/src/rp2_common/pico_stdio_usb/stdio_usb_descriptors.c.obj
                0x10007da8                tud_descriptor_configuration_cb
 .text.tud_descriptor_string_cb
                0x10007db0       0x6c CMakeFiles/Robo_omni_controle.dir/D_/Pico/pico-sdk/src/rp2_common/pico_stdio_usb/stdio_usb_descriptors.c.obj
                0x10007db0                tud_descriptor_string_cb
 .text._retrieve_unique_id_on_boot
                0x10007e1c       0x10 CMakeFiles/Robo_omni_controle.dir/D_/Pico/pico-sdk/src/rp2_common/pico_unique_id/unique_id.c.obj
 .text.pico_get_unique_board_id_string
                0x10007e2c       0x60 CMakeFiles/Robo_omni_controle.dir/D_/Pico/pico-sdk/src/rp2_common/pico_unique_id/unique_id.c.obj
                0x10007e2c                pico_get_unique_board_id_string
 .text.flash_get_unique_id
                0x10007e8c       0x46 CMakeFiles/Robo_omni_controle.dir/D_/Pico/pico-sdk/src/rp2_common/hardware_flash/flash.c.obj
                0x10007e8c                flash_get_unique_id
 *fill*         0x10007ed2        0x2 
 .text.hw_endpoint_get_by_addr
                0x10007ed4       0x18 CMakeFiles/Robo_omni_controle.dir/D_/Pico/pico-sdk/lib/tinyusb/src/portable/raspberrypi/rp2040/dcd_rp2040.c.obj
 .text._hw_endpoint_alloc
                0x10007eec       0x70 CMakeFiles/Robo_omni_controle.dir/D_/Pico/pico-sdk/lib/tinyusb/src/portable/raspberrypi/rp2040/dcd_rp2040.c.obj
 .text.hw_endpoint_init
                0x10007f5c       0x88 CMakeFiles/Robo_omni_controle.dir/D_/Pico/pico-sdk/lib/tinyusb/src/portable/raspberrypi/rp2040/dcd_rp2040.c.obj
 .text.hw_endpoint_xfer
                0x10007fe4       0x14 CMakeFiles/Robo_omni_controle.dir/D_/Pico/pico-sdk/lib/tinyusb/src/portable/raspberrypi/rp2040/dcd_rp2040.c.obj
 .text.dcd_int_enable
                0x10007ff8       0x2c CMakeFiles/Robo_omni_controle.dir/D_/Pico/pico-sdk/lib/tinyusb/src/portable/raspberrypi/rp2040/dcd_rp2040.c.obj
                0x10007ff8                dcd_int_enable
 .text.dcd_set_address
                0x10008024       0x2c CMakeFiles/Robo_omni_controle.dir/D_/Pico/pico-sdk/lib/tinyusb/src/portable/raspberrypi/rp2040/dcd_rp2040.c.obj
                0x10008024                dcd_set_address
 .text.dcd_connect
                0x10008050       0x10 CMakeFiles/Robo_omni_controle.dir/D_/Pico/pico-sdk/lib/tinyusb/src/portable/raspberrypi/rp2040/dcd_rp2040.c.obj
                0x10008050                dcd_connect
 .text.dcd_init
                0x10008060       0x80 CMakeFiles/Robo_omni_controle.dir/D_/Pico/pico-sdk/lib/tinyusb/src/portable/raspberrypi/rp2040/dcd_rp2040.c.obj
                0x10008060                dcd_init
 .text.dcd_edpt0_status_complete
                0x100080e0       0x1c CMakeFiles/Robo_omni_controle.dir/D_/Pico/pico-sdk/lib/tinyusb/src/portable/raspberrypi/rp2040/dcd_rp2040.c.obj
                0x100080e0                dcd_edpt0_status_complete
 .text.dcd_edpt_open
                0x100080fc       0x40 CMakeFiles/Robo_omni_controle.dir/D_/Pico/pico-sdk/lib/tinyusb/src/portable/raspberrypi/rp2040/dcd_rp2040.c.obj
                0x100080fc                dcd_edpt_open
 .text.dcd_edpt_close_all
                0x1000813c        0x8 CMakeFiles/Robo_omni_controle.dir/D_/Pico/pico-sdk/lib/tinyusb/src/portable/raspberrypi/rp2040/dcd_rp2040.c.obj
                0x1000813c                dcd_edpt_close_all
 .text.dcd_edpt_xfer
                0x10008144       0x34 CMakeFiles/Robo_omni_controle.dir/D_/Pico/pico-sdk/lib/tinyusb/src/portable/raspberrypi/rp2040/dcd_rp2040.c.obj
                0x10008144                dcd_edpt_xfer
 .text.dcd_edpt_stall
                0x10008178       0x2c CMakeFiles/Robo_omni_controle.dir/D_/Pico/pico-sdk/lib/tinyusb/src/portable/raspberrypi/rp2040/dcd_rp2040.c.obj
                0x10008178                dcd_edpt_stall
 .text.dcd_edpt_clear_stall
                0x100081a4       0x20 CMakeFiles/Robo_omni_controle.dir/D_/Pico/pico-sdk/lib/tinyusb/src/portable/raspberrypi/rp2040/dcd_rp2040.c.obj
                0x100081a4                dcd_edpt_clear_stall
 .text.rp2040_usb_init
                0x100081c4       0x4c CMakeFiles/Robo_omni_controle.dir/D_/Pico/pico-sdk/lib/tinyusb/src/portable/raspberrypi/rp2040/rp2040_usb.c.obj
                0x100081c4                rp2040_usb_init
 .text.hw_endpoint_xfer_start
                0x10008210       0x50 CMakeFiles/Robo_omni_controle.dir/D_/Pico/pico-sdk/lib/tinyusb/src/portable/raspberrypi/rp2040/rp2040_usb.c.obj
                0x10008210                hw_endpoint_xfer_start
 .text.configuration_reset
                0x10008260       0x84 CMakeFiles/Robo_omni_controle.dir/D_/Pico/pico-sdk/lib/tinyusb/src/device/usbd.c.obj
 .text.usbd_reset
                0x100082e4        0xc CMakeFiles/Robo_omni_controle.dir/D_/Pico/pico-sdk/lib/tinyusb/src/device/usbd.c.obj
 .text.invoke_class_control
                0x100082f0       0x1a CMakeFiles/Robo_omni_controle.dir/D_/Pico/pico-sdk/lib/tinyusb/src/device/usbd.c.obj
 *fill*         0x1000830a        0x2 
 .text.process_set_config
                0x1000830c      0x178 CMakeFiles/Robo_omni_controle.dir/D_/Pico/pico-sdk/lib/tinyusb/src/device/usbd.c.obj
 .text.process_get_descriptor
                0x10008484       0xdc CMakeFiles/Robo_omni_controle.dir/D_/Pico/pico-sdk/lib/tinyusb/src/device/usbd.c.obj
 .text.tud_mounted
                0x10008560       0x10 CMakeFiles/Robo_omni_controle.dir/D_/Pico/pico-sdk/lib/tinyusb/src/device/usbd.c.obj
                0x10008560                tud_mounted
 .text.tud_suspended
                0x10008570       0x10 CMakeFiles/Robo_omni_controle.dir/D_/Pico/pico-sdk/lib/tinyusb/src/device/usbd.c.obj
                0x10008570                tud_suspended
 .text.tud_inited
                0x10008580       0x14 CMakeFiles/Robo_omni_controle.dir/D_/Pico/pico-sdk/lib/tinyusb/src/device/usbd.c.obj
                0x10008580                tud_inited
 .text.tud_init
                0x10008594       0xcc CMakeFiles/Robo_omni_controle.dir/D_/Pico/pico-sdk/lib/tinyusb/src/device/usbd.c.obj
                0x10008594                tud_init
 .text.usbd_defer_func
                0x10008660       0x2a CMakeFiles/Robo_omni_controle.dir/D_/Pico/pico-sdk/lib/tinyusb/src/device/usbd.c.obj
                0x10008660                usbd_defer_func
 *fill*         0x1000868a        0x2 
 .text.usbd_edpt_open
                0x1000868c       0x34 CMakeFiles/Robo_omni_controle.dir/D_/Pico/pico-sdk/lib/tinyusb/src/device/usbd.c.obj
                0x1000868c                usbd_edpt_open
 .text.usbd_open_edpt_pair
                0x100086c0       0x62 CMakeFiles/Robo_omni_controle.dir/D_/Pico/pico-sdk/lib/tinyusb/src/device/usbd.c.obj
                0x100086c0                usbd_open_edpt_pair
 *fill*         0x10008722        0x2 
 .text.usbd_edpt_claim
                0x10008724       0x28 CMakeFiles/Robo_omni_controle.dir/D_/Pico/pico-sdk/lib/tinyusb/src/device/usbd.c.obj
                0x10008724                usbd_edpt_claim
 .text.usbd_edpt_release
                0x1000874c       0x28 CMakeFiles/Robo_omni_controle.dir/D_/Pico/pico-sdk/lib/tinyusb/src/device/usbd.c.obj
                0x1000874c                usbd_edpt_release
 .text.usbd_edpt_xfer
                0x10008774       0x78 CMakeFiles/Robo_omni_controle.dir/D_/Pico/pico-sdk/lib/tinyusb/src/device/usbd.c.obj
                0x10008774                usbd_edpt_xfer
 .text.usbd_edpt_stall
                0x100087ec       0x48 CMakeFiles/Robo_omni_controle.dir/D_/Pico/pico-sdk/lib/tinyusb/src/device/usbd.c.obj
                0x100087ec                usbd_edpt_stall
 .text.usbd_edpt_clear_stall
                0x10008834       0x48 CMakeFiles/Robo_omni_controle.dir/D_/Pico/pico-sdk/lib/tinyusb/src/device/usbd.c.obj
                0x10008834                usbd_edpt_clear_stall
 .text.usbd_edpt_stalled
                0x1000887c       0x1c CMakeFiles/Robo_omni_controle.dir/D_/Pico/pico-sdk/lib/tinyusb/src/device/usbd.c.obj
                0x1000887c                usbd_edpt_stalled
 .text.process_control_request
                0x10008898      0x37c CMakeFiles/Robo_omni_controle.dir/D_/Pico/pico-sdk/lib/tinyusb/src/device/usbd.c.obj
 .text.tud_task_ext
                0x10008c14      0x1b8 CMakeFiles/Robo_omni_controle.dir/D_/Pico/pico-sdk/lib/tinyusb/src/device/usbd.c.obj
                0x10008c14                tud_task_ext
 .text._data_stage_xact
                0x10008dcc       0x58 CMakeFiles/Robo_omni_controle.dir/D_/Pico/pico-sdk/lib/tinyusb/src/device/usbd_control.c.obj
 .text.tud_control_status
                0x10008e24       0x38 CMakeFiles/Robo_omni_controle.dir/D_/Pico/pico-sdk/lib/tinyusb/src/device/usbd_control.c.obj
                0x10008e24                tud_control_status
 .text.tud_control_xfer
                0x10008e5c       0x74 CMakeFiles/Robo_omni_controle.dir/D_/Pico/pico-sdk/lib/tinyusb/src/device/usbd_control.c.obj
                0x10008e5c                tud_control_xfer
 .text.usbd_control_reset
                0x10008ed0       0x14 CMakeFiles/Robo_omni_controle.dir/D_/Pico/pico-sdk/lib/tinyusb/src/device/usbd_control.c.obj
                0x10008ed0                usbd_control_reset
 .text.usbd_control_set_complete_callback
                0x10008ee4        0xc CMakeFiles/Robo_omni_controle.dir/D_/Pico/pico-sdk/lib/tinyusb/src/device/usbd_control.c.obj
                0x10008ee4                usbd_control_set_complete_callback
 .text.usbd_control_set_request
                0x10008ef0       0x1c CMakeFiles/Robo_omni_controle.dir/D_/Pico/pico-sdk/lib/tinyusb/src/device/usbd_control.c.obj
                0x10008ef0                usbd_control_set_request
 .text.usbd_control_xfer_cb
                0x10008f0c       0xcc CMakeFiles/Robo_omni_controle.dir/D_/Pico/pico-sdk/lib/tinyusb/src/device/usbd_control.c.obj
                0x10008f0c                usbd_control_xfer_cb
 .text._prep_out_transaction
                0x10008fd8       0x4a CMakeFiles/Robo_omni_controle.dir/D_/Pico/pico-sdk/lib/tinyusb/src/class/cdc/cdc_device.c.obj
 *fill*         0x10009022        0x2 
 .text.tud_cdc_n_connected
                0x10009024       0x44 CMakeFiles/Robo_omni_controle.dir/D_/Pico/pico-sdk/lib/tinyusb/src/class/cdc/cdc_device.c.obj
                0x10009024                tud_cdc_n_connected
 .text.tud_cdc_n_available
                0x10009068       0x18 CMakeFiles/Robo_omni_controle.dir/D_/Pico/pico-sdk/lib/tinyusb/src/class/cdc/cdc_device.c.obj
                0x10009068                tud_cdc_n_available
 .text.tud_cdc_n_read
                0x10009080       0x28 CMakeFiles/Robo_omni_controle.dir/D_/Pico/pico-sdk/lib/tinyusb/src/class/cdc/cdc_device.c.obj
                0x10009080                tud_cdc_n_read
 .text.tud_cdc_n_write_flush
                0x100090a8       0xb8 CMakeFiles/Robo_omni_controle.dir/D_/Pico/pico-sdk/lib/tinyusb/src/class/cdc/cdc_device.c.obj
                0x100090a8                tud_cdc_n_write_flush
 .text.tud_cdc_n_write
                0x10009160       0x38 CMakeFiles/Robo_omni_controle.dir/D_/Pico/pico-sdk/lib/tinyusb/src/class/cdc/cdc_device.c.obj
                0x10009160                tud_cdc_n_write
 .text.tud_cdc_n_write_available
                0x10009198       0x1c CMakeFiles/Robo_omni_controle.dir/D_/Pico/pico-sdk/lib/tinyusb/src/class/cdc/cdc_device.c.obj
                0x10009198                tud_cdc_n_write_available
 .text.cdcd_init
                0x100091b4       0xbc CMakeFiles/Robo_omni_controle.dir/D_/Pico/pico-sdk/lib/tinyusb/src/class/cdc/cdc_device.c.obj
                0x100091b4                cdcd_init
 .text.cdcd_reset
                0x10009270       0x44 CMakeFiles/Robo_omni_controle.dir/D_/Pico/pico-sdk/lib/tinyusb/src/class/cdc/cdc_device.c.obj
                0x10009270                cdcd_reset
 .text.cdcd_open
                0x100092b4       0xcc CMakeFiles/Robo_omni_controle.dir/D_/Pico/pico-sdk/lib/tinyusb/src/class/cdc/cdc_device.c.obj
                0x100092b4                cdcd_open
 .text.cdcd_control_xfer_cb
                0x10009380      0x134 CMakeFiles/Robo_omni_controle.dir/D_/Pico/pico-sdk/lib/tinyusb/src/class/cdc/cdc_device.c.obj
                0x10009380                cdcd_control_xfer_cb
 .text.cdcd_xfer_cb
                0x100094b4      0x130 CMakeFiles/Robo_omni_controle.dir/D_/Pico/pico-sdk/lib/tinyusb/src/class/cdc/cdc_device.c.obj
                0x100094b4                cdcd_xfer_cb
 .text.tusb_init
                0x100095e4        0xa CMakeFiles/Robo_omni_controle.dir/D_/Pico/pico-sdk/lib/tinyusb/src/tusb.c.obj
                0x100095e4                tusb_init
 .text.tusb_inited
                0x100095ee        0xe CMakeFiles/Robo_omni_controle.dir/D_/Pico/pico-sdk/lib/tinyusb/src/tusb.c.obj
                0x100095ee                tusb_inited
 .text.tu_edpt_claim
                0x100095fc       0x50 CMakeFiles/Robo_omni_controle.dir/D_/Pico/pico-sdk/lib/tinyusb/src/tusb.c.obj
                0x100095fc                tu_edpt_claim
 .text.tu_edpt_release
                0x1000964c       0x3c CMakeFiles/Robo_omni_controle.dir/D_/Pico/pico-sdk/lib/tinyusb/src/tusb.c.obj
                0x1000964c                tu_edpt_release
 .text.tu_edpt_validate
                0x10009688       0x78 CMakeFiles/Robo_omni_controle.dir/D_/Pico/pico-sdk/lib/tinyusb/src/tusb.c.obj
                0x10009688                tu_edpt_validate
 .text.tu_edpt_bind_driver
                0x10009700       0x26 CMakeFiles/Robo_omni_controle.dir/D_/Pico/pico-sdk/lib/tinyusb/src/tusb.c.obj
                0x10009700                tu_edpt_bind_driver
 .text.advance_index
                0x10009726       0x1a CMakeFiles/Robo_omni_controle.dir/D_/Pico/pico-sdk/lib/tinyusb/src/common/tusb_fifo.c.obj
 .text._tu_fifo_peek
                0x10009740       0x56 CMakeFiles/Robo_omni_controle.dir/D_/Pico/pico-sdk/lib/tinyusb/src/common/tusb_fifo.c.obj
 .text._ff_pull_const_addr
                0x10009796       0x4c CMakeFiles/Robo_omni_controle.dir/D_/Pico/pico-sdk/lib/tinyusb/src/common/tusb_fifo.c.obj
 .text._ff_pull_n
                0x100097e2      0x110 CMakeFiles/Robo_omni_controle.dir/D_/Pico/pico-sdk/lib/tinyusb/src/common/tusb_fifo.c.obj
 .text._tu_fifo_peek_n
                0x100098f2       0x6a CMakeFiles/Robo_omni_controle.dir/D_/Pico/pico-sdk/lib/tinyusb/src/common/tusb_fifo.c.obj
 .text._tu_fifo_read_n
                0x1000995c       0x4e CMakeFiles/Robo_omni_controle.dir/D_/Pico/pico-sdk/lib/tinyusb/src/common/tusb_fifo.c.obj
 .text._ff_push_const_addr
                0x100099aa       0x40 CMakeFiles/Robo_omni_controle.dir/D_/Pico/pico-sdk/lib/tinyusb/src/common/tusb_fifo.c.obj
 .text._ff_push_n
                0x100099ea      0x10c CMakeFiles/Robo_omni_controle.dir/D_/Pico/pico-sdk/lib/tinyusb/src/common/tusb_fifo.c.obj
 .text._tu_fifo_write_n
                0x10009af6       0xf0 CMakeFiles/Robo_omni_controle.dir/D_/Pico/pico-sdk/lib/tinyusb/src/common/tusb_fifo.c.obj
 .text.tu_fifo_config
                0x10009be6       0x7c CMakeFiles/Robo_omni_controle.dir/D_/Pico/pico-sdk/lib/tinyusb/src/common/tusb_fifo.c.obj
                0x10009be6                tu_fifo_config
 .text.tu_fifo_count
                0x10009c62       0x2a CMakeFiles/Robo_omni_controle.dir/D_/Pico/pico-sdk/lib/tinyusb/src/common/tusb_fifo.c.obj
                0x10009c62                tu_fifo_count
 .text.tu_fifo_empty
                0x10009c8c       0x10 CMakeFiles/Robo_omni_controle.dir/D_/Pico/pico-sdk/lib/tinyusb/src/common/tusb_fifo.c.obj
                0x10009c8c                tu_fifo_empty
 .text.tu_fifo_full
                0x10009c9c       0x28 CMakeFiles/Robo_omni_controle.dir/D_/Pico/pico-sdk/lib/tinyusb/src/common/tusb_fifo.c.obj
                0x10009c9c                tu_fifo_full
 .text.tu_fifo_remaining
                0x10009cc4       0x2c CMakeFiles/Robo_omni_controle.dir/D_/Pico/pico-sdk/lib/tinyusb/src/common/tusb_fifo.c.obj
                0x10009cc4                tu_fifo_remaining
 .text.tu_fifo_read
                0x10009cf0       0x42 CMakeFiles/Robo_omni_controle.dir/D_/Pico/pico-sdk/lib/tinyusb/src/common/tusb_fifo.c.obj
                0x10009cf0                tu_fifo_read
 .text.tu_fifo_read_n
                0x10009d32        0xa CMakeFiles/Robo_omni_controle.dir/D_/Pico/pico-sdk/lib/tinyusb/src/common/tusb_fifo.c.obj
                0x10009d32                tu_fifo_read_n
 .text.tu_fifo_write
                0x10009d3c       0x64 CMakeFiles/Robo_omni_controle.dir/D_/Pico/pico-sdk/lib/tinyusb/src/common/tusb_fifo.c.obj
                0x10009d3c                tu_fifo_write
 .text.tu_fifo_write_n
                0x10009da0        0xa CMakeFiles/Robo_omni_controle.dir/D_/Pico/pico-sdk/lib/tinyusb/src/common/tusb_fifo.c.obj
                0x10009da0                tu_fifo_write_n
 .text.tu_fifo_clear
                0x10009daa       0x3e CMakeFiles/Robo_omni_controle.dir/D_/Pico/pico-sdk/lib/tinyusb/src/common/tusb_fifo.c.obj
                0x10009daa                tu_fifo_clear
 .text.tu_fifo_set_overwritable
                0x10009de8       0x46 CMakeFiles/Robo_omni_controle.dir/D_/Pico/pico-sdk/lib/tinyusb/src/common/tusb_fifo.c.obj
                0x10009de8                tu_fifo_set_overwritable
 *fill*         0x10009e2e        0x2 
 .text.adc_init
                0x10009e30       0x34 CMakeFiles/Robo_omni_controle.dir/D_/Pico/pico-sdk/src/rp2_common/hardware_adc/adc.c.obj
                0x10009e30                adc_init
 .text.i2c_write_blocking_internal
                0x10009e64      0x140 CMakeFiles/Robo_omni_controle.dir/D_/Pico/pico-sdk/src/rp2_common/hardware_i2c/i2c.c.obj
 .text.i2c_read_blocking_internal
                0x10009fa4       0xe6 CMakeFiles/Robo_omni_controle.dir/D_/Pico/pico-sdk/src/rp2_common/hardware_i2c/i2c.c.obj
 *fill*         0x1000a08a        0x2 
 .text.i2c_set_baudrate
                0x1000a08c       0xf0 CMakeFiles/Robo_omni_controle.dir/D_/Pico/pico-sdk/src/rp2_common/hardware_i2c/i2c.c.obj
                0x1000a08c                i2c_set_baudrate
 .text.i2c_init
                0x1000a17c       0x58 CMakeFiles/Robo_omni_controle.dir/D_/Pico/pico-sdk/src/rp2_common/hardware_i2c/i2c.c.obj
                0x1000a17c                i2c_init
 .text.i2c_write_blocking
                0x1000a1d4       0x18 CMakeFiles/Robo_omni_controle.dir/D_/Pico/pico-sdk/src/rp2_common/hardware_i2c/i2c.c.obj
                0x1000a1d4                i2c_write_blocking
 .text.i2c_read_blocking
                0x1000a1ec       0x18 CMakeFiles/Robo_omni_controle.dir/D_/Pico/pico-sdk/src/rp2_common/hardware_i2c/i2c.c.obj
                0x1000a1ec                i2c_read_blocking
 .text._ZN8Mcp23017C2EP8i2c_insth
                0x1000a204        0xc CMakeFiles/Robo_omni_controle.dir/modules/pico-mcp23017/source/mcp23017.cpp.obj
                0x1000a204                Mcp23017::Mcp23017(i2c_inst*, unsigned char)
                0x1000a204                Mcp23017::Mcp23017(i2c_inst*, unsigned char)
 .text._ZNK8Mcp2301714write_registerEhh
                0x1000a210       0x26 CMakeFiles/Robo_omni_controle.dir/modules/pico-mcp23017/source/mcp23017.cpp.obj
                0x1000a210                Mcp23017::write_register(unsigned char, unsigned char) const
 .text._ZNK8Mcp2301720write_dual_registersEhi
                0x1000a236       0x2a CMakeFiles/Robo_omni_controle.dir/modules/pico-mcp23017/source/mcp23017.cpp.obj
                0x1000a236                Mcp23017::write_dual_registers(unsigned char, int) const
 .text._ZNK8Mcp2301724setup_bank_configurationEibb
                0x1000a260       0x20 CMakeFiles/Robo_omni_controle.dir/modules/pico-mcp23017/source/mcp23017.cpp.obj
                0x1000a260                Mcp23017::setup_bank_configuration(int, bool, bool) const
 .text._ZNK8Mcp230175setupEbb
                0x1000a280       0x2a CMakeFiles/Robo_omni_controle.dir/modules/pico-mcp23017/source/mcp23017.cpp.obj
                0x1000a280                Mcp23017::setup(bool, bool) const
 .text._ZNK8Mcp2301716set_io_directionEi
                0x1000a2aa        0xc CMakeFiles/Robo_omni_controle.dir/modules/pico-mcp23017/source/mcp23017.cpp.obj
                0x1000a2aa                Mcp23017::set_io_direction(int) const
 .text._ZN8Mcp2301722set_output_bit_for_pinEib
                0x1000a2b6       0x20 CMakeFiles/Robo_omni_controle.dir/modules/pico-mcp23017/source/mcp23017.cpp.obj
                0x1000a2b6                Mcp23017::set_output_bit_for_pin(int, bool)
 .text._ZNK8Mcp2301712flush_outputEv
                0x1000a2d6        0xc CMakeFiles/Robo_omni_controle.dir/modules/pico-mcp23017/source/mcp23017.cpp.obj
                0x1000a2d6                Mcp23017::flush_output() const
 *fill*         0x1000a2e2        0x2 
 .text.startup._GLOBAL__sub_I__ZN9__gnu_cxx9__freeresEv
                0x1000a2e4       0x2c d:/pico/gcc-arm-none-eabi/bin/../lib/gcc/arm-none-eabi/10.3.1/../../../../arm-none-eabi/lib/thumb/v6-m/nofp\libstdc++.a(eh_alloc.o)
 .text.__retarget_lock_acquire_recursive
                0x1000a310        0x4 d:/pico/gcc-arm-none-eabi/bin/../lib/gcc/arm-none-eabi/10.3.1/../../../../arm-none-eabi/lib/thumb/v6-m/nofp\libg.a(lib_a-lock.o)
                0x1000a310                __retarget_lock_acquire_recursive
 .text.__retarget_lock_release_recursive
                0x1000a314        0x4 d:/pico/gcc-arm-none-eabi/bin/../lib/gcc/arm-none-eabi/10.3.1/../../../../arm-none-eabi/lib/thumb/v6-m/nofp\libg.a(lib_a-lock.o)
                0x1000a314                __retarget_lock_release_recursive
 .text.malloc   0x1000a318       0x14 d:/pico/gcc-arm-none-eabi/bin/../lib/gcc/arm-none-eabi/10.3.1/../../../../arm-none-eabi/lib/thumb/v6-m/nofp\libg.a(lib_a-malloc.o)
                0x1000a318                malloc
 .text._malloc_r
                0x1000a32c      0x584 d:/pico/gcc-arm-none-eabi/bin/../lib/gcc/arm-none-eabi/10.3.1/../../../../arm-none-eabi/lib/thumb/v6-m/nofp\libg.a(lib_a-mallocr.o)
                0x1000a32c                _malloc_r
 .text.__malloc_lock
                0x1000a8b0       0x10 d:/pico/gcc-arm-none-eabi/bin/../lib/gcc/arm-none-eabi/10.3.1/../../../../arm-none-eabi/lib/thumb/v6-m/nofp\libg.a(lib_a-mlock.o)
                0x1000a8b0                __malloc_lock
 .text.__malloc_unlock
                0x1000a8c0       0x10 d:/pico/gcc-arm-none-eabi/bin/../lib/gcc/arm-none-eabi/10.3.1/../../../../arm-none-eabi/lib/thumb/v6-m/nofp\libg.a(lib_a-mlock.o)
                0x1000a8c0                __malloc_unlock
 .text._sbrk_r  0x1000a8d0       0x24 d:/pico/gcc-arm-none-eabi/bin/../lib/gcc/arm-none-eabi/10.3.1/../../../../arm-none-eabi/lib/thumb/v6-m/nofp\libg.a(lib_a-sbrkr.o)
                0x1000a8d0                _sbrk_r
 .text.strlen   0x1000a8f4       0x5c d:/pico/gcc-arm-none-eabi/bin/../lib/gcc/arm-none-eabi/10.3.1/../../../../arm-none-eabi/lib/thumb/v6-m/nofp\libg.a(lib_a-strlen-stub.o)
                0x1000a8f4                strlen
 .text._malloc_trim_r
                0x1000a950       0x9c d:/pico/gcc-arm-none-eabi/bin/../lib/gcc/arm-none-eabi/10.3.1/../../../../arm-none-eabi/lib/thumb/v6-m/nofp\libg.a(lib_a-freer.o)
                0x1000a950                _malloc_trim_r
 .text._free_r  0x1000a9ec      0x1c4 d:/pico/gcc-arm-none-eabi/bin/../lib/gcc/arm-none-eabi/10.3.1/../../../../arm-none-eabi/lib/thumb/v6-m/nofp\libg.a(lib_a-freer.o)
                0x1000a9ec                _free_r
 *(.fini)
 .fini          0x1000abb0        0x4 d:/pico/gcc-arm-none-eabi/bin/../lib/gcc/arm-none-eabi/10.3.1/thumb/v6-m/nofp/crti.o
                0x1000abb0                _fini
 *fill*         0x1000abb4        0x4 
 .fini.__stub   0x1000abb8       0xe0 linker stubs
 *crtbegin.o(.ctors)
 *crtbegin?.o(.ctors)
 *(EXCLUDE_FILE(*crtend.o *crtend?.o) .ctors)
 *(SORT_BY_NAME(.ctors.*))
 *(.ctors)
 *crtbegin.o(.dtors)
 *crtbegin?.o(.dtors)
 *(EXCLUDE_FILE(*crtend.o *crtend?.o) .dtors)
 *(SORT_BY_NAME(.dtors.*))
 *(.dtors)
 *(.eh_frame*)
 .eh_frame      0x1000ac98        0x0 d:/pico/gcc-arm-none-eabi/bin/../lib/gcc/arm-none-eabi/10.3.1/thumb/v6-m/nofp/crtbegin.o
                0x1000ac98                . = ALIGN (0x4)

.glue_7         0x1000ac98        0x0
 .glue_7        0x1000ac98        0x0 linker stubs

.glue_7t        0x1000ac98        0x0
 .glue_7t       0x1000ac98        0x0 linker stubs

.vfp11_veneer   0x1000ac98        0x0
 .vfp11_veneer  0x1000ac98        0x0 linker stubs

.v4_bx          0x1000ac98        0x0
 .v4_bx         0x1000ac98        0x0 linker stubs

.iplt           0x1000ac98        0x0
 .iplt          0x1000ac98        0x0 d:/pico/gcc-arm-none-eabi/bin/../lib/gcc/arm-none-eabi/10.3.1/thumb/v6-m/nofp/crtbegin.o

.rodata         0x1000ac98     0x15cc
 *(EXCLUDE_FILE(*libm.a: *libc.a:*lib_a-mem*.o *libgcc.a:) .rodata*)
 .rodata._Z11enableTimerv.str1.4
                0x1000ac98        0xc CMakeFiles/Robo_omni_controle.dir/src/main.cpp.obj
 .rodata._Z12goal_to_goalv.str1.4
                0x1000aca4       0x21 CMakeFiles/Robo_omni_controle.dir/src/main.cpp.obj
 *fill*         0x1000acc5        0x3 
 .rodata.PWM_FREQ
                0x1000acc8        0x4 CMakeFiles/Robo_omni_controle.dir/src/main.cpp.obj
                0x1000acc8                PWM_FREQ
 .rodata.PWM_RANGE
                0x1000accc        0x4 CMakeFiles/Robo_omni_controle.dir/src/main.cpp.obj
                0x1000accc                PWM_RANGE
 .rodata._Z7adc_maqv
                0x1000acd0       0x40 CMakeFiles/Robo_omni_controle.dir/src/adc_mach.cpp.obj
 .rodata.spin_lock_claim_unused.str1.4
                0x1000ad10       0x1b CMakeFiles/Robo_omni_controle.dir/D_/Pico/pico-sdk/src/rp2_common/hardware_sync/sync.c.obj
 *fill*         0x1000ad2b        0x1 
 .rodata.make_branch.str1.4
                0x1000ad2c       0x63 CMakeFiles/Robo_omni_controle.dir/D_/Pico/pico-sdk/src/rp2_common/hardware_irq/irq.c.obj
 *fill*         0x1000ad8f        0x1 
 .rodata.insert_branch_and_link.str1.4
                0x1000ad90       0x10 CMakeFiles/Robo_omni_controle.dir/D_/Pico/pico-sdk/src/rp2_common/hardware_irq/irq.c.obj
 .rodata.irq_set_exclusive_handler.str1.4
                0x1000ada0       0x36 CMakeFiles/Robo_omni_controle.dir/D_/Pico/pico-sdk/src/rp2_common/hardware_irq/irq.c.obj
 *fill*         0x1000add6        0x2 
 .rodata.irq_add_shared_handler.str1.4
                0x1000add8       0xd9 CMakeFiles/Robo_omni_controle.dir/D_/Pico/pico-sdk/src/rp2_common/hardware_irq/irq.c.obj
 *fill*         0x1000aeb1        0x3 
 .rodata.irq_remove_handler.str1.4
                0x1000aeb4       0x3a CMakeFiles/Robo_omni_controle.dir/D_/Pico/pico-sdk/src/rp2_common/hardware_irq/irq.c.obj
 *fill*         0x1000aeee        0x2 
 .rodata.irq_add_tail_to_free_list.str1.4
                0x1000aef0       0x3a CMakeFiles/Robo_omni_controle.dir/D_/Pico/pico-sdk/src/rp2_common/hardware_irq/irq.c.obj
 *fill*         0x1000af2a        0x2 
 .rodata.user_irq_claim_unused.str1.4
                0x1000af2c       0x1b CMakeFiles/Robo_omni_controle.dir/D_/Pico/pico-sdk/src/rp2_common/hardware_irq/irq.c.obj
 *fill*         0x1000af47        0x1 
 .rodata.__func__.0
                0x1000af48       0x1a CMakeFiles/Robo_omni_controle.dir/D_/Pico/pico-sdk/src/rp2_common/hardware_irq/irq.c.obj
 *fill*         0x1000af62        0x2 
 .rodata.__func__.1
                0x1000af64       0x17 CMakeFiles/Robo_omni_controle.dir/D_/Pico/pico-sdk/src/rp2_common/hardware_irq/irq.c.obj
 *fill*         0x1000af7b        0x1 
 .rodata.__func__.2
                0x1000af7c       0x13 CMakeFiles/Robo_omni_controle.dir/D_/Pico/pico-sdk/src/rp2_common/hardware_irq/irq.c.obj
 *fill*         0x1000af8f        0x1 
 .rodata.__func__.3
                0x1000af90        0xc CMakeFiles/Robo_omni_controle.dir/D_/Pico/pico-sdk/src/rp2_common/hardware_irq/irq.c.obj
 .rodata.__func__.4
                0x1000af9c        0xf CMakeFiles/Robo_omni_controle.dir/D_/Pico/pico-sdk/src/rp2_common/hardware_irq/irq.c.obj
 *fill*         0x1000afab        0x1 
 .rodata.__func__.5
                0x1000afac       0x17 CMakeFiles/Robo_omni_controle.dir/D_/Pico/pico-sdk/src/rp2_common/hardware_irq/irq.c.obj
 *fill*         0x1000afc3        0x1 
 .rodata.__func__.6
                0x1000afc4       0x1a CMakeFiles/Robo_omni_controle.dir/D_/Pico/pico-sdk/src/rp2_common/hardware_irq/irq.c.obj
 *fill*         0x1000afde        0x2 
 .rodata.str1.4
                0x1000afe0       0xd9 CMakeFiles/Robo_omni_controle.dir/D_/Pico/pico-sdk/src/common/pico_sync/mutex.c.obj
 *fill*         0x1000b0b9        0x3 
 .rodata.__func__.1
                0x1000b0bc        0xb CMakeFiles/Robo_omni_controle.dir/D_/Pico/pico-sdk/src/common/pico_sync/mutex.c.obj
 *fill*         0x1000b0c7        0x1 
 .rodata.__func__.3
                0x1000b0c8       0x18 CMakeFiles/Robo_omni_controle.dir/D_/Pico/pico-sdk/src/common/pico_sync/mutex.c.obj
 .rodata.__func__.4
                0x1000b0e0       0x15 CMakeFiles/Robo_omni_controle.dir/D_/Pico/pico-sdk/src/common/pico_sync/mutex.c.obj
 *fill*         0x1000b0f5        0x3 
 .rodata.repeating_timer_callback.str1.4
                0x1000b0f8       0x41 CMakeFiles/Robo_omni_controle.dir/D_/Pico/pico-sdk/src/common/pico_time/time.c.obj
 *fill*         0x1000b139        0x3 
 .rodata.timer_pool_entry_comparator.str1.4
                0x1000b13c       0x22 CMakeFiles/Robo_omni_controle.dir/D_/Pico/pico-sdk/src/common/pico_time/time.c.obj
 *fill*         0x1000b15e        0x2 
 .rodata.ph_add_child_node.str1.4
                0x1000b160       0x8a CMakeFiles/Robo_omni_controle.dir/D_/Pico/pico-sdk/src/common/pico_time/time.c.obj
 *fill*         0x1000b1ea        0x2 
 .rodata.add_alarm_under_lock.str1.4
                0x1000b1ec       0x28 CMakeFiles/Robo_omni_controle.dir/D_/Pico/pico-sdk/src/common/pico_time/time.c.obj
                                 0x2b (size before relaxing)
 .rodata.alarm_pool_alarm_callback.str1.4
                0x1000b214       0x98 CMakeFiles/Robo_omni_controle.dir/D_/Pico/pico-sdk/src/common/pico_time/time.c.obj
                                 0xf0 (size before relaxing)
 .rodata.alarm_pool_get_default.str1.4
                0x1000b2ac       0x21 CMakeFiles/Robo_omni_controle.dir/D_/Pico/pico-sdk/src/common/pico_time/time.c.obj
 *fill*         0x1000b2cd        0x3 
 .rodata.alarm_pool_cancel_alarm.str1.4
                0x1000b2d0       0x27 CMakeFiles/Robo_omni_controle.dir/D_/Pico/pico-sdk/src/common/pico_time/time.c.obj
 *fill*         0x1000b2f7        0x1 
 .rodata.__func__.0
                0x1000b2f8       0x19 CMakeFiles/Robo_omni_controle.dir/D_/Pico/pico-sdk/src/common/pico_time/time.c.obj
 *fill*         0x1000b311        0x3 
 .rodata.__func__.1
                0x1000b314       0x18 CMakeFiles/Robo_omni_controle.dir/D_/Pico/pico-sdk/src/common/pico_time/time.c.obj
 .rodata.__func__.10
                0x1000b32c       0x15 CMakeFiles/Robo_omni_controle.dir/D_/Pico/pico-sdk/src/common/pico_time/time.c.obj
 *fill*         0x1000b341        0x3 
 .rodata.__func__.11
                0x1000b344       0x1a CMakeFiles/Robo_omni_controle.dir/D_/Pico/pico-sdk/src/common/pico_time/time.c.obj
 *fill*         0x1000b35e        0x2 
 .rodata.__func__.12
                0x1000b360        0xa CMakeFiles/Robo_omni_controle.dir/D_/Pico/pico-sdk/src/common/pico_time/time.c.obj
 *fill*         0x1000b36a        0x2 
 .rodata.__func__.3
                0x1000b36c       0x17 CMakeFiles/Robo_omni_controle.dir/D_/Pico/pico-sdk/src/common/pico_time/time.c.obj
 *fill*         0x1000b383        0x1 
 .rodata.__func__.4
                0x1000b384       0x12 CMakeFiles/Robo_omni_controle.dir/D_/Pico/pico-sdk/src/common/pico_time/time.c.obj
 *fill*         0x1000b396        0x2 
 .rodata.__func__.5
                0x1000b398        0xd CMakeFiles/Robo_omni_controle.dir/D_/Pico/pico-sdk/src/common/pico_time/time.c.obj
 *fill*         0x1000b3a5        0x3 
 .rodata.__func__.6
                0x1000b3a8       0x12 CMakeFiles/Robo_omni_controle.dir/D_/Pico/pico-sdk/src/common/pico_time/time.c.obj
 *fill*         0x1000b3ba        0x2 
 .rodata.__func__.7
                0x1000b3bc        0xf CMakeFiles/Robo_omni_controle.dir/D_/Pico/pico-sdk/src/common/pico_time/time.c.obj
 *fill*         0x1000b3cb        0x1 
 .rodata.__func__.8
                0x1000b3cc        0xc CMakeFiles/Robo_omni_controle.dir/D_/Pico/pico-sdk/src/common/pico_time/time.c.obj
 .rodata.__func__.9
                0x1000b3d8       0x15 CMakeFiles/Robo_omni_controle.dir/D_/Pico/pico-sdk/src/common/pico_time/time.c.obj
 *fill*         0x1000b3ed        0x3 
 .rodata.hardware_alarm_claim.str1.4
                0x1000b3f0       0x22 CMakeFiles/Robo_omni_controle.dir/D_/Pico/pico-sdk/src/rp2_common/hardware_timer/timer.c.obj
 .rodata.busy_wait_us.str1.4
                0x1000b412       0x57 CMakeFiles/Robo_omni_controle.dir/D_/Pico/pico-sdk/src/rp2_common/hardware_timer/timer.c.obj
 *fill*         0x1000b412        0x2 
 .rodata.hardware_alarm_set_target.str1.4
                0x1000b414       0x5b CMakeFiles/Robo_omni_controle.dir/D_/Pico/pico-sdk/src/rp2_common/hardware_timer/timer.c.obj
 *fill*         0x1000b46f        0x1 
 .rodata.__func__.0
                0x1000b470       0x1a CMakeFiles/Robo_omni_controle.dir/D_/Pico/pico-sdk/src/rp2_common/hardware_timer/timer.c.obj
 *fill*         0x1000b48a        0x2 
 .rodata.__func__.1
                0x1000b48c       0x15 CMakeFiles/Robo_omni_controle.dir/D_/Pico/pico-sdk/src/rp2_common/hardware_timer/timer.c.obj
 .rodata.ph_add_child_node.str1.4
                0x1000b4a1       0x8a CMakeFiles/Robo_omni_controle.dir/D_/Pico/pico-sdk/src/common/pico_util/pheap.c.obj
 *fill*         0x1000b4a1        0x3 
 .rodata.ph_remove_any_head.str1.4
                0x1000b4a4       0x84 CMakeFiles/Robo_omni_controle.dir/D_/Pico/pico-sdk/src/common/pico_util/pheap.c.obj
                                 0x98 (size before relaxing)
 .rodata.ph_remove_and_free_node.str1.4
                0x1000b528       0x1e CMakeFiles/Robo_omni_controle.dir/D_/Pico/pico-sdk/src/common/pico_util/pheap.c.obj
                                 0x26 (size before relaxing)
 *fill*         0x1000b546        0x2 
 .rodata.__func__.0
                0x1000b548       0x18 CMakeFiles/Robo_omni_controle.dir/D_/Pico/pico-sdk/src/common/pico_util/pheap.c.obj
 .rodata.__func__.1
                0x1000b560       0x13 CMakeFiles/Robo_omni_controle.dir/D_/Pico/pico-sdk/src/common/pico_util/pheap.c.obj
 *fill*         0x1000b573        0x1 
 .rodata.__func__.2
                0x1000b574       0x12 CMakeFiles/Robo_omni_controle.dir/D_/Pico/pico-sdk/src/common/pico_util/pheap.c.obj
 *fill*         0x1000b586        0x2 
 .rodata.__func__.3
                0x1000b588        0xc CMakeFiles/Robo_omni_controle.dir/D_/Pico/pico-sdk/src/common/pico_util/pheap.c.obj
 .rodata.clock_configure.str1.4
                0x1000b594       0x4d CMakeFiles/Robo_omni_controle.dir/D_/Pico/pico-sdk/src/rp2_common/hardware_clocks/clocks.c.obj
 *fill*         0x1000b5e1        0x3 
 .rodata.__func__.1
                0x1000b5e4       0x10 CMakeFiles/Robo_omni_controle.dir/D_/Pico/pico-sdk/src/rp2_common/hardware_clocks/clocks.c.obj
 .rodata.pll_init.str1.4
                0x1000b5f4      0x118 CMakeFiles/Robo_omni_controle.dir/D_/Pico/pico-sdk/src/rp2_common/hardware_pll/pll.c.obj
 .rodata.__func__.0
                0x1000b70c        0x9 CMakeFiles/Robo_omni_controle.dir/D_/Pico/pico-sdk/src/rp2_common/hardware_pll/pll.c.obj
 *fill*         0x1000b715        0x3 
 .rodata.__assert_func.str1.4
                0x1000b718       0x3f CMakeFiles/Robo_omni_controle.dir/D_/Pico/pico-sdk/src/rp2_common/pico_runtime/runtime.c.obj
                                 0x43 (size before relaxing)
 *fill*         0x1000b757        0x1 
 .rodata.runtime_init.str1.4
                0x1000b758       0x57 CMakeFiles/Robo_omni_controle.dir/D_/Pico/pico-sdk/src/rp2_common/pico_runtime/runtime.c.obj
 *fill*         0x1000b7af        0x1 
 .rodata.panic.str1.4
                0x1000b7b0       0x12 CMakeFiles/Robo_omni_controle.dir/D_/Pico/pico-sdk/src/rp2_common/pico_runtime/runtime.c.obj
 *fill*         0x1000b7c2        0x2 
 .rodata.__func__.2
                0x1000b7c4        0xd CMakeFiles/Robo_omni_controle.dir/D_/Pico/pico-sdk/src/rp2_common/pico_runtime/runtime.c.obj
 *fill*         0x1000b7d1        0x3 
 .rodata._ftoa.str1.4
                0x1000b7d4       0x15 CMakeFiles/Robo_omni_controle.dir/D_/Pico/pico-sdk/src/rp2_common/pico_printf/printf.c.obj
 *fill*         0x1000b7e9        0x3 
 .rodata._vsnprintf
                0x1000b7ec      0x1e0 CMakeFiles/Robo_omni_controle.dir/D_/Pico/pico-sdk/src/rp2_common/pico_printf/printf.c.obj